 extractfuncs

 Timestamp is 5f3d8ac6 (Wed Aug 19 22:25:42 2020)

 Preferred load address is 00400000

 Start         Length     Name                   Class
 0001:00000000 000b7e50H .text$mn                CODE
 0001:000b7e50 00001217H .text$x                 CODE
 0002:00000000 00000104H .CRT$XCA                DATA
 0002:00000104 00000104H .CRT$XCAA               DATA
 0002:00000208 00000104H .CRT$XCZ                DATA
 0002:0000030c 00000104H .CRT$XIA                DATA
 0002:00000410 00000104H .CRT$XIAA               DATA
 0002:00000514 00000104H .CRT$XIAC               DATA
 0002:00000618 00000114H .CRT$XIC                DATA
 0002:0000072c 00000104H .CRT$XIZ                DATA
 0002:00000830 00000104H .CRT$XPA                DATA
 0002:00000934 0000010cH .CRT$XPX                DATA
 0002:00000a40 00000104H .CRT$XPXA               DATA
 0002:00000b44 00000104H .CRT$XPZ                DATA
 0002:00000c48 00000104H .CRT$XTA                DATA
 0002:00000d4c 00000104H .CRT$XTZ                DATA
 0002:00000e50 00024448H .rdata                  DATA
 0002:00025298 00000448H .rdata$r                DATA
 0002:000256e0 00000148H .rdata$sxdata           DATA
 0002:00025828 0000017cH .rdata$zzzdbg           DATA
 0002:000259a4 00000104H .rtc$IAA                DATA
 0002:00025aa8 00000104H .rtc$IZZ                DATA
 0002:00025bac 00000104H .rtc$TAA                DATA
 0002:00025cb0 00000108H .rtc$TZZ                DATA
 0002:00025db8 000011deH .xdata$x                DATA
 0002:00026f96 00000000H .edata                  DATA
 0003:00000000 00001128H .data                   DATA
 0003:00001128 00000258H .data$r                 DATA
 0003:00001380 000161e4H .bss                    DATA
 0004:00000000 000001d4H .idata$5                DATA
 0004:000001d4 00000014H .idata$2                DATA
 0004:000001e8 00000014H .idata$3                DATA
 0004:000001fc 000001d4H .idata$4                DATA
 0004:000003d0 0000082dH .idata$6                DATA
 0005:00000000 00000104H .00cfg                  DATA
 0006:00000000 00000170H .rsrc$01                DATA
 0006:00000170 000002ccH .rsrc$02                DATA

  Address         Publics by Value              Rva+Base       Lib:Object

 0000:00000000       ___enclave_config          00000000     <absolute>
 0000:00000000       ___volatile_metadata       00000000     <absolute>
 0000:00000000       ___hybrid_code_map_count   00000000     <absolute>
 0000:00000000       ___hybrid_code_map         00000000     <absolute>
 0000:00000000       ___guard_fids_table        00000000     <absolute>
 0000:00000000       ___guard_iat_count         00000000     <absolute>
 0000:00000000       ___guard_longjmp_table     00000000     <absolute>
 0000:00000000       ___guard_iat_table         00000000     <absolute>
 0000:00000000       ___hybrid_auxiliary_iat    00000000     <absolute>
 0000:00000000       ___guard_fids_count        00000000     <absolute>
 0000:00000000       ___dynamic_value_reloc_table 00000000     <absolute>
 0000:00000000       __except_list              00000000     <absolute>
 0000:00000000       ___guard_longjmp_count     00000000     <absolute>
 0000:0000000f       ___safe_se_handler_count   0000000f     <absolute>
 0000:00000100       ___guard_flags             00000100     <absolute>
 0000:00000000       ___ImageBase               00400000     <linker-defined>
 0001:00006c70       _AddFunctionName           00407c70 f   extractfuncs.obj
 0001:00006e50       _AddTokenToList            00407e50 f   extractfuncs.obj
 0001:00006ed0       _ConcatDec                 00407ed0 f   extractfuncs.obj
 0001:00006f40       _DumpReplaceFunctions      00407f40 f   extractfuncs.obj
 0001:00007750       _Error                     00408750 f   extractfuncs.obj
 0001:000077a0       _FindFunctionName          004087a0 f   extractfuncs.obj
 0001:00007800       _GetFunctionNamesFromFile  00408800 f   extractfuncs.obj
 0001:00007c50       _MayScrewUp                00408c50 f   extractfuncs.obj
 0001:00007cd0       _ScrewUpFile               00408cd0 f   extractfuncs.obj
 0001:00007ea0       _StripTokenList            00408ea0 f   extractfuncs.obj
 0001:00007f30       _WriteString               00408f30 f   extractfuncs.obj
 0001:00007f90       _WriteWhiteSpace           00408f90 f   extractfuncs.obj
 0001:00008000       ___local_stdio_printf_options 00409000 f i extractfuncs.obj
 0001:00008020       __vfprintf_l               00409020 f i extractfuncs.obj
 0001:00008070       __vsnprintf_l              00409070 f i extractfuncs.obj
 0001:000080e0       __vsprintf_l               004090e0 f i extractfuncs.obj
 0001:00008120       _main                      00409120 f   extractfuncs.obj
 0001:00008250       _printf                    00409250 f i extractfuncs.obj
 0001:000082a0       _sprintf                   004092a0 f i extractfuncs.obj
 0001:000082f0       _vprintf                   004092f0 f i extractfuncs.obj
 0001:00008330       _Log_Close                 00409330 f   l_log.obj
 0001:000083a0       _Log_FileStruct            004093a0 f   l_log.obj
 0001:000083c0       _Log_Flush                 004093c0 f   l_log.obj
 0001:000083f0       _Log_Open                  004093f0 f   l_log.obj
 0001:000084b0       _Log_Print                 004094b0 f   l_log.obj
 0001:00008540       _Log_Shutdown              00409540 f   l_log.obj
 0001:00008570       _Log_Write                 00409570 f   l_log.obj
 0001:000085d0       _Log_WriteTimeStamped      004095d0 f   l_log.obj
 0001:00008640       _vfprintf                  00409640 f i l_log.obj
 0001:00008670       _FreeMemory                00409670 f   l_memory.obj
 0001:000086b0       _GetClearedHunkMemory      004096b0 f   l_memory.obj
 0001:00008700       _GetClearedMemory          00409700 f   l_memory.obj
 0001:00008750       _GetHunkMemory             00409750 f   l_memory.obj
 0001:000087b0       _GetMemory                 004097b0 f   l_memory.obj
 0001:00008810       _PrintMemoryLabels         00409810 f   l_memory.obj
 0001:00008830       _PrintUsedMemorySize       00409830 f   l_memory.obj
 0001:00008850       _PC_Directive_include      00409850 f   l_precomp.obj
 0001:00008b60       _PC_Directive_undef        00409b60 f   l_precomp.obj
 0001:00008d70       _PC_Directive_define       00409d70 f   l_precomp.obj
 0001:000093e0       _PC_Directive_ifdef        0040a3e0 f   l_precomp.obj
 0001:00009410       _PC_Directive_ifndef       0040a410 f   l_precomp.obj
 0001:00009440       _PC_Directive_else         0040a440 f   l_precomp.obj
 0001:000094f0       _PC_Directive_endif        0040a4f0 f   l_precomp.obj
 0001:00009550       _PC_Directive_elif         0040a550 f   l_precomp.obj
 0001:00009610       _PC_Directive_if           0040a610 f   l_precomp.obj
 0001:00009690       _PC_Directive_line         0040a690 f   l_precomp.obj
 0001:000096c0       _PC_Directive_error        0040a6c0 f   l_precomp.obj
 0001:00009750       _PC_Directive_pragma       0040a750 f   l_precomp.obj
 0001:000097c0       _PC_Directive_eval         0040a7c0 f   l_precomp.obj
 0001:000098e0       _PC_Directive_evalfloat    0040a8e0 f   l_precomp.obj
 0001:00009a10       _PC_DollarDirective_evalint 0040aa10 f   l_precomp.obj
 0001:00009b40       _PC_DollarDirective_evalfloat 0040ab40 f   l_precomp.obj
 0001:00009c80       _FreeSource                0040ac80 f   l_precomp.obj
 0001:00009e40       _LoadSourceFile            0040ae40 f   l_precomp.obj
 0001:00009f60       _LoadSourceMemory          0040af60 f   l_precomp.obj
 0001:0000a080       _PC_AddBuiltinDefines      0040b080 f   l_precomp.obj
 0001:0000a1e0       _PC_AddDefine              0040b1e0 f   l_precomp.obj
 0001:0000a240       _PC_AddDefineToHash        0040b240 f   l_precomp.obj
 0001:0000a290       _PC_AddGlobalDefine        0040b290 f   l_precomp.obj
 0001:0000a2f0       _PC_AddGlobalDefinesToSource 0040b2f0 f   l_precomp.obj
 0001:0000a360       _PC_CheckTokenString       0040b360 f   l_precomp.obj
 0001:0000a400       _PC_CheckTokenType         0040b400 f   l_precomp.obj
 0001:0000a4b0       _PC_ClearTokenWhiteSpace   0040b4b0 f   l_precomp.obj
 0001:0000a500       _PC_ConvertPath            0040b500 f   l_precomp.obj
 0001:0000a5d0       _PC_CopyDefine             0040b5d0 f   l_precomp.obj
 0001:0000a790       _PC_CopyToken              0040b790 f   l_precomp.obj
 0001:0000a820       _PC_DefineFromString       0040b820 f   l_precomp.obj
 0001:0000aa20       _PC_Directive_if_def       0040ba20 f   l_precomp.obj
 0001:0000abb0       _PC_DollarEvaluate         0040bbb0 f   l_precomp.obj
 0001:0000b020       _PC_Evaluate               0040c020 f   l_precomp.obj
 0001:0000b3f0       _PC_EvaluateTokens         0040c3f0 f   l_precomp.obj
 0001:0000c7d0       _PC_ExpandBuiltinDefine    0040d7d0 f   l_precomp.obj
 0001:0000cb40       _PC_ExpandDefine           0040db40 f   l_precomp.obj
 0001:0000d140       _PC_ExpandDefineIntoSource 0040e140 f   l_precomp.obj
 0001:0000d1c0       _PC_ExpectAnyToken         0040e1c0 f   l_precomp.obj
 0001:0000d210       _PC_ExpectTokenString      0040e210 f   l_precomp.obj
 0001:0000d2d0       _PC_ExpectTokenType        0040e2d0 f   l_precomp.obj
 0001:0000d600       _PC_FindDefine             0040e600 f   l_precomp.obj
 0001:0000d660       _PC_FindDefineParm         0040e660 f   l_precomp.obj
 0001:0000d6e0       _PC_FindHashedDefine       0040e6e0 f   l_precomp.obj
 0001:0000d760       _PC_FreeDefine             0040e760 f   l_precomp.obj
 0001:0000d800       _PC_FreeToken              0040e800 f   l_precomp.obj
 0001:0000d840       _PC_InitTokenHeap          0040e840 f   l_precomp.obj
 0001:0000d860       _PC_MergeTokens            0040e860 f   l_precomp.obj
 0001:0000d920       _PC_NameHash               0040e920 f   l_precomp.obj
 0001:0000d9b0       _PC_OperatorPriority       0040e9b0 f   l_precomp.obj
 0001:0000db70       _PC_PopIndent              0040eb70 f   l_precomp.obj
 0001:0000dc40       _PC_PrintDefineHashTable   0040ec40 f   l_precomp.obj
 0001:0000dce0       _PC_PushIndent             0040ece0 f   l_precomp.obj
 0001:0000dd90       _PC_PushScript             0040ed90 f   l_precomp.obj
 0001:0000de30       _PC_ReadDefineParms        0040ee30 f   l_precomp.obj
 0001:0000e260       _PC_ReadDirective          0040f260 f   l_precomp.obj
 0001:0000e3b0       _PC_ReadDollarDirective    0040f3b0 f   l_precomp.obj
 0001:0000e520       _PC_ReadLine               0040f520 f   l_precomp.obj
 0001:0000e5b0       _PC_ReadSourceToken        0040f5b0 f   l_precomp.obj
 0001:0000e750       _PC_ReadToken              0040f750 f   l_precomp.obj
 0001:0000e8f0       _PC_RemoveAllGlobalDefines 0040f8f0 f   l_precomp.obj
 0001:0000e950       _PC_RemoveGlobalDefine     0040f950 f   l_precomp.obj
 0001:0000e9b0       _PC_SetIncludePath         0040f9b0 f   l_precomp.obj
 0001:0000ea60       _PC_SetPunctuations        0040fa60 f   l_precomp.obj
 0001:0000ea90       _PC_SkipUntilString        0040fa90 f   l_precomp.obj
 0001:0000eb10       _PC_StringizeTokens        0040fb10 f   l_precomp.obj
 0001:0000ec10       _PC_UnreadLastToken        0040fc10 f   l_precomp.obj
 0001:0000ec40       _PC_UnreadSourceToken      0040fc40 f   l_precomp.obj
 0001:0000eca0       _PC_UnreadToken            0040fca0 f   l_precomp.obj
 0001:0000ecd0       _PC_WhiteSpaceBeforeToken  0040fcd0 f   l_precomp.obj
 0001:0000ed20       _Q_stricmp                 0040fd20 f   l_precomp.obj
 0001:0000ed50       _Q_stricmpn                0040fd50 f   l_precomp.obj
 0001:0000ee30       _Q_strlwr                  0040fe30 f   l_precomp.obj
 0001:0000ee90       _Q_strncmp                 0040fe90 f   l_precomp.obj
 0001:0000ef30       _Q_strncpyz                0040ff30 f   l_precomp.obj
 0001:0000efa0       _Q_strupr                  0040ffa0 f   l_precomp.obj
 0001:0000f000       _SourceError               00410000 f   l_precomp.obj
 0001:0000f070       _SourceWarning             00410070 f   l_precomp.obj
 0001:0000f0e0       _UnreadSignToken           004100e0 f   l_precomp.obj
 0001:0000f200       _vsprintf                  00410200 f i l_precomp.obj
 0001:0000f240       _EndOfScript               00410240 f   l_script.obj
 0001:0000f290       _FileLength                00410290 f   l_script.obj
 0001:0000f300       _FreeScript                00410300 f   l_script.obj
 0001:0000f350       _GetScriptFlags            00410350 f   l_script.obj
 0001:0000f370       _LoadScriptFile            00410370 f   l_script.obj
 0001:0000f530       _LoadScriptMemory          00410530 f   l_script.obj
 0001:0000f680       _NumLinesCrossed           00410680 f   l_script.obj
 0001:0000f6b0       _NumberValue               004106b0 f   l_script.obj
 0001:0000fa60       _PS_CheckTokenString       00410a60 f   l_script.obj
 0001:0000fb00       _PS_CheckTokenType         00410b00 f   l_script.obj
 0001:0000fbb0       _PS_CreatePunctuationTable 00410bb0 f   l_script.obj
 0001:0000fd70       _PS_ExpectAnyToken         00410d70 f   l_script.obj
 0001:0000fdc0       _PS_ExpectTokenString      00410dc0 f   l_script.obj
 0001:0000fe80       _PS_ExpectTokenType        00410e80 f   l_script.obj
 0001:000101f0       _PS_NextWhiteSpaceChar     004111f0 f   l_script.obj
 0001:00010260       _PS_ReadEscapeCharacter    00411260 f   l_script.obj
 0001:00010680       _PS_ReadLiteral            00411680 f   l_script.obj
 0001:000108c0       _PS_ReadName               004118c0 f   l_script.obj
 0001:000109f0       _PS_ReadNumber             004119f0 f   l_script.obj
 0001:00011070       _PS_ReadPrimitive          00412070 f   l_script.obj
 0001:00011160       _PS_ReadPunctuation        00412160 f   l_script.obj
 0001:00011280       _PS_ReadString             00412280 f   l_script.obj
 0001:000115b0       _PS_ReadToken              004125b0 f   l_script.obj
 0001:00011930       _PS_ReadWhiteSpace         00412930 f   l_script.obj
 0001:00011c10       _PS_SkipUntilString        00412c10 f   l_script.obj
 0001:00011c90       _PS_UnreadLastToken        00412c90 f   l_script.obj
 0001:00011cc0       _PS_UnreadToken            00412cc0 f   l_script.obj
 0001:00011d10       _PunctuationFromNum        00412d10 f   l_script.obj
 0001:00011d90       _ReadSignedFloat           00412d90 f   l_script.obj
 0001:00011e90       _ReadSignedInt             00412e90 f   l_script.obj
 0001:00011f70       _ResetScript               00412f70 f   l_script.obj
 0001:00012020       _ScriptError               00413020 f   l_script.obj
 0001:000120a0       _ScriptSkipTo              004130a0 f   l_script.obj
 0001:00012160       _ScriptWarning             00413160 f   l_script.obj
 0001:000121e0       _SetScriptFlags            004131e0 f   l_script.obj
 0001:00012210       _SetScriptPunctuations     00413210 f   l_script.obj
 0001:00012280       _StripDoubleQuotes         00413280 f   l_script.obj
 0001:00012300       _StripSingleQuotes         00413300 f   l_script.obj
 0001:00012371       _FindFirstFileA@8          00413371 f   kernel32:KERNEL32.dll
 0001:00012377       _FindNextFileA@8           00413377 f   kernel32:KERNEL32.dll
 0001:00012380       @__security_check_cookie@4 00413380 f   LIBCMTD:secchk.obj
 0001:000123a0       __ftoui3                   004133a0 f   LIBCMTD:ftol3.obj
 0001:000123af       __ftoul3                   004133af f   LIBCMTD:ftol3.obj
 0001:000123be       __ftol3                    004133be f   LIBCMTD:ftol3.obj
 0001:000123cb       __ftol3_NaN                004133cb f   LIBCMTD:ftol3.obj
 0001:000123e3       __ftol3_work               004133e3 f   LIBCMTD:ftol3.obj
 0001:00012469       __ftol3_common             00413469 f   LIBCMTD:ftol3.obj
 0001:0001252b       __ftol3_arg_error          0041352b f   LIBCMTD:ftol3.obj
 0001:0001253d       __ftol3_except             0041353d f   LIBCMTD:ftol3.obj
 0001:00012581       __dtoui3                   00413581 f   LIBCMTD:ftol3.obj
 0001:00012590       __dtoul3                   00413590 f   LIBCMTD:ftol3.obj
 0001:0001259f       __dtol3                    0041359f f   LIBCMTD:ftol3.obj
 0001:000125ac       __dtol3_NaN                004135ac f   LIBCMTD:ftol3.obj
 0001:000125c9       __dtol3_work               004135c9 f   LIBCMTD:ftol3.obj
 0001:000126b0       __ultod3                   004136b0 f   LIBCMTD:ftol3.obj
 0001:000126f0       __ltod3                    004136f0 f   LIBCMTD:ftol3.obj
 0001:00012bd0       ?configure_argv@__scrt_narrow_argv_policy@@SAHXZ 00413bd0 f i LIBCMTD:exe_main.obj
 0001:00012bf0       ?initialize_environment@__scrt_narrow_environment_policy@@SAHXZ 00413bf0 f i LIBCMTD:exe_main.obj
 0001:00012c30       ?set_app_type@__scrt_main_policy@@SAXXZ 00413c30 f i LIBCMTD:exe_main.obj
 0001:00012c50       ?set_commode@__scrt_file_policy@@SAXXZ 00413c50 f i LIBCMTD:exe_main.obj
 0001:00012c70       ?set_fmode@__scrt_file_policy@@SAXXZ 00413c70 f i LIBCMTD:exe_main.obj
 0001:00012c90       _mainCRTStartup            00413c90 f   LIBCMTD:exe_main.obj
 0001:00012ca0       ___raise_securityfailure   00413ca0 f   LIBCMTD:gs_report.obj
 0001:00012ce0       ___report_gsfailure        00413ce0 f   LIBCMTD:gs_report.obj
 0001:00012e30       ___report_rangecheckfailure 00413e30 f   LIBCMTD:gs_report.obj
 0001:00012e40       ___report_securityfailure  00413e40 f   LIBCMTD:gs_report.obj
 0001:00012f50       ___report_securityfailureEx 00413f50 f   LIBCMTD:gs_report.obj
 0001:000130c0       ??$__crt_fast_decode_pointer@PAP6AXXZ@@YAPAP6AXXZQAP6AXXZ@Z 004140c0 f i LIBCMTD:utility.obj
 0001:000130f0       ??$__crt_fast_encode_pointer@PAP6AXXZ@@YAPAP6AXXZQAP6AXXZ@Z 004140f0 f i LIBCMTD:utility.obj
 0001:00013130       ?__crt_rotate_pointer_value@@YAIIH@Z 00414130 f i LIBCMTD:utility.obj
 0001:00013280       _NtCurrentTeb              00414280 f i LIBCMTD:utility.obj
 0001:00013290       ___scrt_acquire_startup_lock 00414290 f   LIBCMTD:utility.obj
 0001:000132f0       ___scrt_dllmain_after_initialize_c 004142f0 f   LIBCMTD:utility.obj
 0001:00013330       ___scrt_dllmain_before_initialize_c 00414330 f   LIBCMTD:utility.obj
 0001:00013360       ___scrt_dllmain_crt_thread_attach 00414360 f   LIBCMTD:utility.obj
 0001:000133a0       ___scrt_dllmain_crt_thread_detach 004143a0 f   LIBCMTD:utility.obj
 0001:000133c0       ___scrt_dllmain_exception_filter 004143c0 f   LIBCMTD:utility.obj
 0001:00013420       ___scrt_dllmain_uninitialize_c 00414420 f   LIBCMTD:utility.obj
 0001:00013460       ___scrt_dllmain_uninitialize_critical 00414460 f   LIBCMTD:utility.obj
 0001:00013480       ___scrt_initialize_crt     00414480 f   LIBCMTD:utility.obj
 0001:000134e0       ___scrt_initialize_onexit_tables 004144e0 f   LIBCMTD:utility.obj
 0001:00013600       ___scrt_is_nonwritable_in_current_image 00414600 f   LIBCMTD:utility.obj
 0001:00013780       ___scrt_release_startup_lock 00414780 f   LIBCMTD:utility.obj
 0001:000137b0       ___scrt_uninitialize_crt   004147b0 f   LIBCMTD:utility.obj
 0001:00013800       __onexit                   00414800 f   LIBCMTD:utility.obj
 0001:00013890       _at_quick_exit             00414890 f   LIBCMTD:utility.obj
 0001:000138f0       _atexit                    004148f0 f   LIBCMTD:utility.obj
 0001:000139c0       ___security_init_cookie    004149c0 f   LIBCMTD:gs_support.obj
 0001:00013a60       __matherr                  00414a60 f   LIBCMTD:matherr.obj
 0001:00013a70       __get_startup_argv_mode    00414a70 f   LIBCMTD:argv_mode.obj
 0001:00013a80       __get_startup_commit_mode  00414a80 f   LIBCMTD:commit_mode.obj
 0001:00013a90       __get_startup_file_mode    00414a90 f   LIBCMTD:file_mode.obj
 0001:00013aa0       __get_startup_new_mode     00414aa0 f   LIBCMTD:new_mode.obj
 0001:00013ab0       __get_startup_thread_locale_mode 00414ab0 f   LIBCMTD:thread_locale.obj
 0001:00013ac0       ?__scrt_initialize_type_info@@YAXXZ 00414ac0 f   LIBCMTD:tncleanup.obj
 0001:00013ae0       ?__scrt_uninitialize_type_info@@YAXXZ 00414ae0 f   LIBCMTD:tncleanup.obj
 0001:00013b00       __should_initialize_environment 00414b00 f   LIBCMTD:env_mode.obj
 0001:00013b10       __initialize_default_precision 00414b10 f   LIBCMTD:default_precision.obj
 0001:00013b40       __initialize_invalid_parameter_handler 00414b40 f   LIBCMTD:invalid_parameter_handler.obj
 0001:00013b50       __initialize_denormal_control 00414b50 f   LIBCMTD:denormal_control.obj
 0001:00013b60       ___local_stdio_scanf_options 00414b60 f i LIBCMTD:default_local_stdio_options.obj
 0001:00013b70       ___scrt_initialize_default_local_stdio_options 00414b70 f   LIBCMTD:default_local_stdio_options.obj
 0001:00013bc0       ___scrt_is_user_matherr_present 00414bc0 f   LIBCMTD:matherr_detection.obj
 0001:00013bf0       ___scrt_get_dyn_tls_init_callback 00414bf0 f   LIBCMTD:dyn_tls_init.obj
 0001:00013c00       ___scrt_get_dyn_tls_dtor_callback 00414c00 f   LIBCMTD:dyn_tls_dtor.obj
 0001:00013c10       ___scrt_fastfail           00414c10 f   LIBCMTD:utility_desktop.obj
 0001:00013da0       ___scrt_get_show_window_mode 00414da0 f   LIBCMTD:utility_desktop.obj
 0001:00013df0       ___scrt_initialize_mta     00414df0 f   LIBCMTD:utility_desktop.obj
 0001:00013e00       ___scrt_initialize_winrt   00414e00 f   LIBCMTD:utility_desktop.obj
 0001:00013e10       ___scrt_is_managed_app     00414e10 f   LIBCMTD:utility_desktop.obj
 0001:00013ec0       ___scrt_set_unhandled_exception_filter 00414ec0 f   LIBCMTD:utility_desktop.obj
 0001:00013ee0       ___scrt_stub_for_initialize_mta 00414ee0 f   LIBCMTD:utility_desktop.obj
 0001:00013ee0       ___scrt_exe_initialize_mta 00414ee0 f   LIBCMTD:utility_desktop.obj
 0001:00013ef0       ___scrt_unhandled_exception_filter@4 00414ef0 f   LIBCMTD:utility_desktop.obj
 0001:00013f70       __crt_debugger_hook        00414f70 f   LIBCMTD:utility_desktop.obj
 0001:00013f90       __RTC_Initialize           00414f90 f   LIBCMTD:initsect.obj
 0001:00013fd0       __RTC_Terminate            00414fd0 f   LIBCMTD:initsect.obj
 0001:00014010       @_guard_check_icall_nop@4  00415010 f i LIBCMTD:guard_support.obj
 0001:00014020       _ReadNoFence               00415020 f i LIBCMTD:guard_support.obj
 0001:00014040       _ReadPointerNoFence        00415040 f i LIBCMTD:guard_support.obj
 0001:00014060       __guard_icall_checks_enforced 00415060 f i LIBCMTD:guard_support.obj
 0001:000140a0       ___isa_available_init      004150a0 f   LIBCMTD:cpu_disp.obj
 0001:00014430       ___scrt_is_ucrt_dll_in_use 00415430 f   LIBCMTD:ucrt_detection.obj
 0001:00014460       _memcpy                    00415460 f   libvcruntimed:memcpy.obj
 0001:00014b40       _memset                    00415b40 f   libvcruntimed:memset.obj
 0001:00014d70       __except_handler4          00415d70 f   libvcruntimed:chandler4.obj
 0001:00014fc0       ___vcrt_initialize         00415fc0 f   libvcruntimed:initialization.obj
 0001:00015010       ___vcrt_thread_attach      00416010 f   libvcruntimed:initialization.obj
 0001:00015030       ___vcrt_thread_detach      00416030 f   libvcruntimed:initialization.obj
 0001:00015050       ___vcrt_uninitialize       00416050 f   libvcruntimed:initialization.obj
 0001:00015080       ___vcrt_uninitialize_critical 00416080 f   libvcruntimed:initialization.obj
 0001:000150e0       ??$?RD@__crt_internal_free_policy@@QBEXQBD@Z 004160e0 f i libvcruntimed:std_type_info.obj
 0001:00015110       ??$?RX@__crt_internal_free_policy@@QBEXQBX@Z 00416110 f i libvcruntimed:std_type_info.obj
 0001:00015140       ??$__crt_interlocked_compare_exchange_pointer@$$CBDPAD$$T@@YAPBDPDSBDQAD$$T@Z 00416140 f i libvcruntimed:std_type_info.obj
 0001:00015160       ??$__crt_interlocked_read_pointer@$$CBD@@YAPBDPDSBD@Z 00416160 f i libvcruntimed:std_type_info.obj
 0001:00015180       ??0?$__crt_unique_heap_ptr@DU__crt_internal_free_policy@@@@QAE@QAD@Z 00416180 f i libvcruntimed:std_type_info.obj
 0001:000151a0       ??0?$__crt_unique_heap_ptr@XU__crt_internal_free_policy@@@@QAE@QAX@Z 004161a0 f i libvcruntimed:std_type_info.obj
 0001:000151c0       ??1?$__crt_unique_heap_ptr@DU__crt_internal_free_policy@@@@QAE@XZ 004161c0 f i libvcruntimed:std_type_info.obj
 0001:000151e0       ??1?$__crt_unique_heap_ptr@XU__crt_internal_free_policy@@@@QAE@XZ 004161e0 f i libvcruntimed:std_type_info.obj
 0001:00015240       ??B?$__crt_unique_heap_ptr@DU__crt_internal_free_policy@@@@QBE_NXZ 00416240 f i libvcruntimed:std_type_info.obj
 0001:00015260       ??B?$__crt_unique_heap_ptr@XU__crt_internal_free_policy@@@@QBE_NXZ 00416260 f i libvcruntimed:std_type_info.obj
 0001:000152e0       ?__crt_interlocked_read_32@@YAHPDH@Z 004162e0 f i libvcruntimed:std_type_info.obj
 0001:00015300       ?detach@?$__crt_unique_heap_ptr@XU__crt_internal_free_policy@@@@QAEPAXXZ 00416300 f i libvcruntimed:std_type_info.obj
 0001:00015330       ?get@?$__crt_unique_heap_ptr@DU__crt_internal_free_policy@@@@QBEPADXZ 00416330 f i libvcruntimed:std_type_info.obj
 0001:00015350       ?get@?$__crt_unique_heap_ptr@XU__crt_internal_free_policy@@@@QBEPAXXZ 00416350 f i libvcruntimed:std_type_info.obj
 0001:00015370       ?is_valid@?$__crt_unique_heap_ptr@DU__crt_internal_free_policy@@@@QBE_NXZ 00416370 f i libvcruntimed:std_type_info.obj
 0001:000153b0       ?is_valid@?$__crt_unique_heap_ptr@XU__crt_internal_free_policy@@@@QBE_NXZ 004163b0 f i libvcruntimed:std_type_info.obj
 0001:000153f0       ?release@?$__crt_unique_heap_ptr@DU__crt_internal_free_policy@@@@QAEXXZ 004163f0 f i libvcruntimed:std_type_info.obj
 0001:00015420       ?release@?$__crt_unique_heap_ptr@XU__crt_internal_free_policy@@@@QAEXXZ 00416420 f i libvcruntimed:std_type_info.obj
 0001:00015450       ___std_type_info_compare   00416450 f   libvcruntimed:std_type_info.obj
 0001:00015480       ___std_type_info_destroy_list 00416480 f   libvcruntimed:std_type_info.obj
 0001:000154d0       ___std_type_info_hash      004164d0 f   libvcruntimed:std_type_info.obj
 0001:00015540       ___std_type_info_name      00416540 f   libvcruntimed:std_type_info.obj
 0001:000157a0       __local_unwind4            004167a0 f   libvcruntimed:exsup4.obj
 0001:00015878       __seh_longjmp_unwind4@4    00416878 f   libvcruntimed:exsup4.obj
 0001:000158a0       @_EH4_CallFilterFunc@8     004168a0 f   libvcruntimed:exsup4.obj
 0001:000158b8       @_EH4_TransferToHandler@8  004168b8 f   libvcruntimed:exsup4.obj
 0001:000158d4       @_EH4_GlobalUnwind2@8      004168d4 f   libvcruntimed:exsup4.obj
 0001:000158f0       @_EH4_LocalUnwind@16       004168f0 f   libvcruntimed:exsup4.obj
 0001:00015970       ___except_validate_context_record 00416970 f   libvcruntimed:jbcxrval.obj
 0001:000159d0       ___except_validate_jump_buffer 004169d0 f   libvcruntimed:jbcxrval.obj
 0001:000159f0       ___except_validate_jump_buffer_common 004169f0 f i libvcruntimed:jbcxrval.obj
 0001:00015a60       ??$?RU__vcrt_ptd@@@__crt_internal_free_policy@@QBEXQBU__vcrt_ptd@@@Z 00416a60 f i libvcruntimed:per_thread_data.obj
 0001:00015a90       ??0?$__crt_unique_heap_ptr@U__vcrt_ptd@@U__crt_internal_free_policy@@@@QAE@QAU__vcrt_ptd@@@Z 00416a90 f i libvcruntimed:per_thread_data.obj
 0001:00015ad0       ??1?$__crt_unique_heap_ptr@U__vcrt_ptd@@U__crt_internal_free_policy@@@@QAE@XZ 00416ad0 f i libvcruntimed:per_thread_data.obj
 0001:00015b10       ??B?$__crt_unique_heap_ptr@U__vcrt_ptd@@U__crt_internal_free_policy@@@@QBE_NXZ 00416b10 f i libvcruntimed:per_thread_data.obj
 0001:00015b30       ?detach@?$__crt_unique_heap_ptr@U__vcrt_ptd@@U__crt_internal_free_policy@@@@QAEPAU__vcrt_ptd@@XZ 00416b30 f i libvcruntimed:per_thread_data.obj
 0001:00015b60       ?get@?$__crt_unique_heap_ptr@U__vcrt_ptd@@U__crt_internal_free_policy@@@@QBEPAU__vcrt_ptd@@XZ 00416b60 f i libvcruntimed:per_thread_data.obj
 0001:00015b80       ?is_valid@?$__crt_unique_heap_ptr@U__vcrt_ptd@@U__crt_internal_free_policy@@@@QBE_NXZ 00416b80 f i libvcruntimed:per_thread_data.obj
 0001:00015bc0       ?release@?$__crt_unique_heap_ptr@U__vcrt_ptd@@U__crt_internal_free_policy@@@@QAEXXZ 00416bc0 f i libvcruntimed:per_thread_data.obj
 0001:00015c20       ___vcrt_freefls@4          00416c20 f   libvcruntimed:per_thread_data.obj
 0001:00015c50       ___vcrt_freeptd            00416c50 f   libvcruntimed:per_thread_data.obj
 0001:00015cc0       ___vcrt_getptd             00416cc0 f   libvcruntimed:per_thread_data.obj
 0001:00015cf0       ___vcrt_getptd_noexit      00416cf0 f   libvcruntimed:per_thread_data.obj
 0001:00015ea0       ___vcrt_getptd_noinit      00416ea0 f   libvcruntimed:per_thread_data.obj
 0001:00015f10       ___vcrt_initialize_ptd     00416f10 f   libvcruntimed:per_thread_data.obj
 0001:00015f70       ___vcrt_uninitialize_ptd   00416f70 f   libvcruntimed:per_thread_data.obj
 0001:00015fb0       ___vcrt_initialize_locks   00416fb0 f   libvcruntimed:locks.obj
 0001:00016020       ___vcrt_lock               00417020 f   libvcruntimed:locks.obj
 0001:00016040       ___vcrt_uninitialize_locks 00417040 f   libvcruntimed:locks.obj
 0001:000160a0       ___vcrt_unlock             004170a0 f   libvcruntimed:locks.obj
 0001:000160c0       ??$?BX@__crt_fast_encoded_nullptr_t@@QBEPAXXZ 004170c0 f i libvcruntimed:winapi_downlevel.obj
 0001:000160e0       ??$__crt_fast_decode_pointer@PAX@@YAPAXQAX@Z 004170e0 f i libvcruntimed:winapi_downlevel.obj
 0001:00016110       ??$__crt_fast_encode_pointer@PAX@@YAPAXQAX@Z 00417110 f i libvcruntimed:winapi_downlevel.obj
 0001:00016150       ??$__crt_interlocked_exchange_pointer@UHINSTANCE__@@PAU1@@@YAPAUHINSTANCE__@@PDSAU0@QAU0@@Z 00417150 f i libvcruntimed:winapi_downlevel.obj
 0001:00016160       ??$__crt_interlocked_exchange_pointer@UHINSTANCE__@@PAX@@YAPAUHINSTANCE__@@PDSAU0@QAX@Z 00417160 f i libvcruntimed:winapi_downlevel.obj
 0001:00016170       ??$__crt_interlocked_exchange_pointer@XPAX@@YAPAXPDSAXQAX@Z 00417170 f i libvcruntimed:winapi_downlevel.obj
 0001:00016180       ??$__crt_interlocked_read_pointer@UHINSTANCE__@@@@YAPAUHINSTANCE__@@PDSAU0@@Z 00417180 f i libvcruntimed:winapi_downlevel.obj
 0001:000161a0       ??$__crt_interlocked_read_pointer@X@@YAPAXPDSAX@Z 004171a0 f i libvcruntimed:winapi_downlevel.obj
 0001:000161c0       ?__crt_fast_encode_pointer@@YA?AU__crt_fast_encoded_nullptr_t@@$$T@Z 004171c0 f i libvcruntimed:winapi_downlevel.obj
 0001:000166c0       ___vcrt_FlsAlloc           004176c0 f   libvcruntimed:winapi_downlevel.obj
 0001:00016710       ___vcrt_FlsFree            00417710 f   libvcruntimed:winapi_downlevel.obj
 0001:00016760       ___vcrt_FlsGetValue        00417760 f   libvcruntimed:winapi_downlevel.obj
 0001:000167b0       ___vcrt_FlsSetValue        004177b0 f   libvcruntimed:winapi_downlevel.obj
 0001:00016810       ___vcrt_InitializeCriticalSectionEx 00417810 f   libvcruntimed:winapi_downlevel.obj
 0001:00016870       ___vcrt_initialize_winapi_thunks 00417870 f   libvcruntimed:winapi_downlevel.obj
 0001:000168f0       ___vcrt_uninitialize_winapi_thunks 004178f0 f   libvcruntimed:winapi_downlevel.obj
 0001:00016980       ??$?B$$A6AXXZ@__crt_fast_encoded_nullptr_t@@QBEP6AXXZXZ 00417980 f i libvcruntimed:purevirt_data.obj
 0001:000169a0       ??$__crt_fast_encode_pointer@P6AXXZ@@YAP6AXXZQ6AXXZ@Z 004179a0 f i libvcruntimed:purevirt_data.obj
 0001:000169e0       ___vcrt_initialize_pure_virtual_call_handler 004179e0 f   libvcruntimed:purevirt_data.obj
 0001:00016a10       ??0Block@_HeapManager@@QAE@XZ 00417a10 f i libvcruntimed:undname.obj
 0001:00016a30       ??0DName@@QAE@AAPBDD@Z     00417a30 f   libvcruntimed:undname.obj
 0001:00016ce0       ??0DName@@QAE@ABV0@@Z      00417ce0 f i libvcruntimed:undname.obj
 0001:00016d10       ??0DName@@QAE@D@Z          00417d10 f   libvcruntimed:undname.obj
 0001:00016d60       ??0DName@@QAE@PAV0@@Z      00417d60 f   libvcruntimed:undname.obj
 0001:00016e40       ??0DName@@QAE@PBD@Z        00417e40 f   libvcruntimed:undname.obj
 0001:00016eb0       ??0DName@@QAE@W4DNameStatus@@@Z 00417eb0 f   libvcruntimed:undname.obj
 0001:00016f70       ??0DName@@QAE@XZ           00417f70 f i libvcruntimed:undname.obj
 0001:00016fa0       ??0DName@@QAE@_J@Z         00417fa0 f   libvcruntimed:undname.obj
 0001:000170c0       ??0DName@@QAE@_K@Z         004180c0 f   libvcruntimed:undname.obj
 0001:00017190       ??0DNameNode@@IAE@XZ       00418190 f i libvcruntimed:undname.obj
 0001:000171b0       ??0Replicator@@QAE@XZ      004181b0 f i libvcruntimed:undname.obj
 0001:00017200       ??0UnDecorator@@QAE@PBDP6APADJ@ZK@Z 00418200 f i libvcruntimed:undname.obj
 0001:000172a0       ??0charNode@@QAE@D@Z       004182a0 f i libvcruntimed:undname.obj
 0001:000172e0       ??0pDNameNode@@QAE@PAVDName@@@Z 004182e0 f   libvcruntimed:undname.obj
 0001:00017360       ??0pairNode@@QAE@PBVDNameNode@@0@Z 00418360 f i libvcruntimed:undname.obj
 0001:000173b0       ??0pcharNode@@QAE@PBDH@Z   004183b0 f   libvcruntimed:undname.obj
 0001:00017490       ??2@YAPAXIAAV_HeapManager@@H@Z 00418490 f i libvcruntimed:undname.obj
 0001:000174b0       ??4DName@@QAEAAV0@ABV0@@Z  004184b0 f   libvcruntimed:undname.obj
 0001:000174e0       ??4DName@@QAEAAV0@D@Z      004184e0 f i libvcruntimed:undname.obj
 0001:00017530       ??4DName@@QAEAAV0@PAV0@@Z  00418530 f   libvcruntimed:undname.obj
 0001:000175f0       ??4DName@@QAEAAV0@PBD@Z    004185f0 f   libvcruntimed:undname.obj
 0001:00017640       ??4DName@@QAEAAV0@W4DNameStatus@@@Z 00418640 f   libvcruntimed:undname.obj
 0001:000176e0       ??AReplicator@@QBE?AVDName@@H@Z 004186e0 f   libvcruntimed:undname.obj
 0001:00017760       ??H@YA?AVDName@@DABV0@@Z   00418760 f i libvcruntimed:undname.obj
 0001:000177a0       ??H@YA?AVDName@@PBDABV0@@Z 004187a0 f i libvcruntimed:undname.obj
 0001:000177e0       ??H@YA?AVDName@@W4DNameStatus@@ABV0@@Z 004187e0 f i libvcruntimed:undname.obj
 0001:00017820       ??HDName@@QBE?AV0@ABV0@@Z  00418820 f   libvcruntimed:undname.obj
 0001:00017870       ??HDName@@QBE?AV0@D@Z      00418870 f   libvcruntimed:undname.obj
 0001:000178c0       ??HDName@@QBE?AV0@PAV0@@Z  004188c0 f   libvcruntimed:undname.obj
 0001:00017910       ??HDName@@QBE?AV0@PBD@Z    00418910 f   libvcruntimed:undname.obj
 0001:00017960       ??HDName@@QBE?AV0@W4DNameStatus@@@Z 00418960 f   libvcruntimed:undname.obj
 0001:000179b0       ??YDName@@QAEAAV0@ABV0@@Z  004189b0 f   libvcruntimed:undname.obj
 0001:00017a40       ??YDName@@QAEAAV0@D@Z      00418a40 f   libvcruntimed:undname.obj
 0001:00017ae0       ??YDName@@QAEAAV0@PAV0@@Z  00418ae0 f   libvcruntimed:undname.obj
 0001:00017bd0       ??YDName@@QAEAAV0@PBD@Z    00418bd0 f   libvcruntimed:undname.obj
 0001:00017c90       ??YDName@@QAEAAV0@W4DNameStatus@@@Z 00418c90 f   libvcruntimed:undname.obj
 0001:00017d10       ??YReplicator@@QAEAAV0@ABVDName@@@Z 00418d10 f   libvcruntimed:undname.obj
 0001:00017dc0       ??_5DName@@QAEAAV0@ABV0@@Z 00418dc0 f   libvcruntimed:undname.obj
 0001:00017e30       ?Constructor@_HeapManager@@QAEXP6APAXI@ZP6AXPAX@Z@Z 00418e30 f i libvcruntimed:undname.obj
 0001:00017e80       ?Destructor@_HeapManager@@QAEXXZ 00418e80 f i libvcruntimed:undname.obj
 0001:00017f00       ?UScore@UnDecorator@@SAPBDW4Tokens@@@Z 00418f00 f   libvcruntimed:undname.obj
 0001:00017f40       ?append@DName@@AAEXPBVDNameNode@@@Z 00418f40 f   libvcruntimed:undname.obj
 0001:00017ff0       ?composeDeclaration@UnDecorator@@CA?AVDName@@ABV2@@Z 00418ff0 f i libvcruntimed:undname.obj
 0001:0001a6e0       ?dbGetString@DName@@QBEPADXZ 0041b6e0 f   libvcruntimed:undname.obj
 0001:0001a710       ?doAccessSpecifiers@UnDecorator@@SAHXZ 0041b710 f i libvcruntimed:undname.obj
 0001:0001a740       ?doAllocationLanguage@UnDecorator@@SAHXZ 0041b740 f i libvcruntimed:undname.obj
 0001:0001a770       ?doAllocationModel@UnDecorator@@SAHXZ 0041b770 f i libvcruntimed:undname.obj
 0001:0001a7a0       ?doEcsu@UnDecorator@@SAHXZ 0041b7a0 f i libvcruntimed:undname.obj
 0001:0001a7d0       ?doEllipsis@UnDecorator@@SAHXZ 0041b7d0 f i libvcruntimed:undname.obj
 0001:0001a800       ?doFunctionReturns@UnDecorator@@SAHXZ 0041b800 f i libvcruntimed:undname.obj
 0001:0001a830       ?doMSKeywords@UnDecorator@@SAHXZ 0041b830 f i libvcruntimed:undname.obj
 0001:0001a860       ?doMemberTypes@UnDecorator@@SAHXZ 0041b860 f i libvcruntimed:undname.obj
 0001:0001a890       ?doNameOnly@UnDecorator@@SAHXZ 0041b890 f i libvcruntimed:undname.obj
 0001:0001a8b0       ?doNoIdentCharCheck@UnDecorator@@SAHXZ 0041b8b0 f i libvcruntimed:undname.obj
 0001:0001a8d0       ?doPchar@DName@@AAEXPBDH@Z 0041b8d0 f   libvcruntimed:undname.obj
 0001:0001aa60       ?doPtr64@UnDecorator@@SAHXZ 0041ba60 f i libvcruntimed:undname.obj
 0001:0001aa90       ?doRestrictionSpec@UnDecorator@@SAHXZ 0041ba90 f i libvcruntimed:undname.obj
 0001:0001aac0       ?doThisTypes@UnDecorator@@SAHXZ 0041bac0 f i libvcruntimed:undname.obj
 0001:0001ab00       ?doThrowTypes@UnDecorator@@SAHXZ 0041bb00 f i libvcruntimed:undname.obj
 0001:0001ab30       ?doTypeOnly@UnDecorator@@SAHXZ 0041bb30 f i libvcruntimed:undname.obj
 0001:0001ab50       ?doUnderScore@UnDecorator@@SAHXZ 0041bb50 f i libvcruntimed:undname.obj
 0001:0001ab80       ?getArgumentList@UnDecorator@@CA?AVDName@@XZ 0041bb80 f   libvcruntimed:undname.obj
 0001:0001ad20       ?getArgumentTypes@UnDecorator@@CA?AVDName@@XZ 0041bd20 f   libvcruntimed:undname.obj
 0001:0001aec0       ?getArrayType@UnDecorator@@CA?AVDName@@ABV2@@Z 0041bec0 f i libvcruntimed:undname.obj
 0001:0001b1e0       ?getBasedType@UnDecorator@@CA?AVDName@@XZ 0041c1e0 f   libvcruntimed:undname.obj
 0001:0001b2e0       ?getBasicDataType@UnDecorator@@CA?AVDName@@ABV2@@Z 0041c2e0 f   libvcruntimed:undname.obj
 0001:0001ba80       ?getCHPEName@UnDecorator@@QAEPADPADH@Z 0041ca80 f i libvcruntimed:undname.obj
 0001:0001bc40       ?getCallIndex@UnDecorator@@CA?AVDName@@XZ 0041cc40 f i libvcruntimed:undname.obj
 0001:0001bc60       ?getCallingConvention@UnDecorator@@CA?AVDName@@XZ 0041cc60 f   libvcruntimed:undname.obj
 0001:0001bf00       ?getDataIndirectType@UnDecorator@@CA?AVDName@@ABV2@PBD0H@Z 0041cf00 f   libvcruntimed:undname.obj
 0001:0001ca40       ?getDataIndirectType@UnDecorator@@CA?AVDName@@XZ 0041da40 f i libvcruntimed:undname.obj
 0001:0001ca90       ?getDataType@UnDecorator@@CA?AVDName@@PAV2@@Z 0041da90 f   libvcruntimed:undname.obj
 0001:0001cc00       ?getDecoratedName@UnDecorator@@CA?AVDName@@XZ 0041dc00 f   libvcruntimed:undname.obj
 0001:0001d130       ?getDimension@UnDecorator@@CA?AVDName@@_N@Z 0041e130 f   libvcruntimed:undname.obj
 0001:0001d490       ?getDispatchTarget@UnDecorator@@CA?AVDName@@XZ 0041e490 f   libvcruntimed:undname.obj
 0001:0001d560       ?getDisplacement@UnDecorator@@CA?AVDName@@XZ 0041e560 f i libvcruntimed:undname.obj
 0001:0001d580       ?getECSUDataType@UnDecorator@@CA?AVDName@@XZ 0041e580 f   libvcruntimed:undname.obj
 0001:0001d7d0       ?getECSUName@UnDecorator@@CA?AVDName@@XZ 0041e7d0 f i libvcruntimed:undname.obj
 0001:0001d7f0       ?getEnumType@UnDecorator@@CA?AVDName@@XZ 0041e7f0 f i libvcruntimed:undname.obj
 0001:0001d990       ?getExtendedDataIndirectType@UnDecorator@@CA?AVDName@@AAPBDAA_NH@Z 0041e990 f   libvcruntimed:undname.obj
 0001:0001dc80       ?getExternalDataType@UnDecorator@@CA?AVDName@@ABV2@@Z 0041ec80 f i libvcruntimed:undname.obj
 0001:0001dd50       ?getFunctionIndirectType@UnDecorator@@CA?AVDName@@ABV2@@Z 0041ed50 f   libvcruntimed:undname.obj
 0001:0001e3f0       ?getGuardNumber@UnDecorator@@CA?AVDName@@XZ 0041f3f0 f i libvcruntimed:undname.obj
 0001:0001e410       ?getLastChar@DName@@QBEDXZ 0041f410 f i libvcruntimed:undname.obj
 0001:0001e460       ?getLastChar@DNameStatusNode@@UBEDXZ 0041f460 f i libvcruntimed:undname.obj
 0001:0001e4a0       ?getLastChar@charNode@@UBEDXZ 0041f4a0 f i libvcruntimed:undname.obj
 0001:0001e4c0       ?getLastChar@pDNameNode@@UBEDXZ 0041f4c0 f i libvcruntimed:undname.obj
 0001:0001e500       ?getLastChar@pairNode@@UBEDXZ 0041f500 f i libvcruntimed:undname.obj
 0001:0001e580       ?getLastChar@pcharNode@@UBEDXZ 0041f580 f i libvcruntimed:undname.obj
 0001:0001e5c0       ?getLexicalFrame@UnDecorator@@CA?AVDName@@XZ 0041f5c0 f i libvcruntimed:undname.obj
 0001:0001e610       ?getMemory@_HeapManager@@QAEPAXIH@Z 0041f610 f   libvcruntimed:undname.obj
 0001:0001e780       ?getNoexcept@UnDecorator@@CA?AVDName@@XZ 0041f780 f   libvcruntimed:undname.obj
 0001:0001e800       ?getNumberOfDimensions@UnDecorator@@CAHXZ 0041f800 f   libvcruntimed:undname.obj
 0001:0001e940       ?getOperatorName@UnDecorator@@CA?AVDName@@_NPA_N@Z 0041f940 f i libvcruntimed:undname.obj
 0001:0001f6f0       ?getPointerType@UnDecorator@@CA?AVDName@@ABV2@0@Z 004206f0 f i libvcruntimed:undname.obj
 0001:0001f730       ?getPointerTypeArray@UnDecorator@@CA?AVDName@@ABV2@0@Z 00420730 f i libvcruntimed:undname.obj
 0001:0001f770       ?getPrimaryDataType@UnDecorator@@CA?AVDName@@ABV2@@Z 00420770 f   libvcruntimed:undname.obj
 0001:0001fc60       ?getPtrRefDataType@UnDecorator@@CA?AVDName@@ABV2@H@Z 00420c60 f   libvcruntimed:undname.obj
 0001:0001ff20       ?getPtrRefType@UnDecorator@@CA?AVDName@@ABV2@0PBD@Z 00420f20 f   libvcruntimed:undname.obj
 0001:000200f0       ?getReferenceType@UnDecorator@@CA?AVDName@@ABV2@0PBD@Z 004210f0 f i libvcruntimed:undname.obj
 0001:00020120       ?getRestrictionSpec@UnDecorator@@CA?AVDName@@XZ 00421120 f   libvcruntimed:undname.obj
 0001:000202f0       ?getReturnType@UnDecorator@@CA?AVDName@@PAV2@@Z 004212f0 f   libvcruntimed:undname.obj
 0001:00020350       ?getScope@UnDecorator@@CA?AVDName@@XZ 00421350 f   libvcruntimed:undname.obj
 0001:00020a50       ?getScopedName@UnDecorator@@CA?AVDName@@XZ 00421a50 f   libvcruntimed:undname.obj
 0001:00020be0       ?getSignedDimension@UnDecorator@@CA?AVDName@@XZ 00421be0 f   libvcruntimed:undname.obj
 0001:00020c80       ?getStorageConvention@UnDecorator@@CA?AVDName@@XZ 00421c80 f i libvcruntimed:undname.obj
 0001:00020ca0       ?getString@DName@@QBEPADPAD0@Z 00421ca0 f i libvcruntimed:undname.obj
 0001:00020d10       ?getString@DName@@QBEPADPADH@Z 00421d10 f i libvcruntimed:undname.obj
 0001:00020dc0       ?getString@DNameStatusNode@@UBEPADPAD0@Z 00421dc0 f i libvcruntimed:undname.obj
 0001:00020e00       ?getString@charNode@@UBEPADPAD0@Z 00421e00 f i libvcruntimed:undname.obj
 0001:00020e40       ?getString@pDNameNode@@UBEPADPAD0@Z 00421e40 f i libvcruntimed:undname.obj
 0001:00020e90       ?getString@pairNode@@UBEPADPAD0@Z 00421e90 f i libvcruntimed:undname.obj
 0001:00020f40       ?getString@pcharNode@@UBEPADPAD0@Z 00421f40 f i libvcruntimed:undname.obj
 0001:00020f80       ?getStringEncoding@UnDecorator@@CA?AVDName@@PBDH@Z 00421f80 f   libvcruntimed:undname.obj
 0001:000210d0       ?getStringHelper@@YAPADPADPBD1H@Z 004220d0 f i libvcruntimed:undname.obj
 0001:00021120       ?getSymbolName@UnDecorator@@CA?AVDName@@XZ 00422120 f i libvcruntimed:undname.obj
 0001:000211d0       ?getTemplateArgumentList@UnDecorator@@CA?AVDName@@XZ 004221d0 f   libvcruntimed:undname.obj
 0001:000216f0       ?getTemplateConstant@UnDecorator@@CA?AVDName@@XZ 004226f0 f   libvcruntimed:undname.obj
 0001:00021ea0       ?getTemplateName@UnDecorator@@CA?AVDName@@_N@Z 00422ea0 f   libvcruntimed:undname.obj
 0001:000220f0       ?getThisType@UnDecorator@@CA?AVDName@@XZ 004230f0 f i libvcruntimed:undname.obj
 0001:00022140       ?getThrowTypes@UnDecorator@@CA?AVDName@@XZ 00423140 f   libvcruntimed:undname.obj
 0001:00022190       ?getTypeEncoding@UnDecorator@@CAHXZ 00423190 f i libvcruntimed:undname.obj
 0001:00022ec0       ?getUndecoratedName@UnDecorator@@QAEPADPADH@Z 00423ec0 f i libvcruntimed:undname.obj
 0001:00023060       ?getVCallThunkType@UnDecorator@@CA?AVDName@@XZ 00424060 f i libvcruntimed:undname.obj
 0001:000230e0       ?getVbTableType@UnDecorator@@CA?AVDName@@ABV2@@Z 004240e0 f i libvcruntimed:undname.obj
 0001:00023100       ?getVdispMapType@UnDecorator@@CA?AVDName@@ABV2@@Z 00424100 f i libvcruntimed:undname.obj
 0001:00023190       ?getVfTableType@UnDecorator@@CA?AVDName@@ABV2@@Z 00424190 f i libvcruntimed:undname.obj
 0001:000233f0       ?getZName@UnDecorator@@CA?AVDName@@_N0@Z 004243f0 f   libvcruntimed:undname.obj
 0001:000237b0       ?haveTemplateParameters@UnDecorator@@SAHXZ 004247b0 f i libvcruntimed:undname.obj
 0001:000237d0       ?isArray@DName@@QBEHXZ     004247d0 f i libvcruntimed:undname.obj
 0001:000237f0       ?isComArray@DName@@QBEHXZ  004247f0 f i libvcruntimed:undname.obj
 0001:00023810       ?isEmpty@DName@@QBEHXZ     00424810 f i libvcruntimed:undname.obj
 0001:00023850       ?isFull@Replicator@@QBEHXZ 00424850 f i libvcruntimed:undname.obj
 0001:00023890       ?isNoTE@DName@@QBEHXZ      00424890 f i libvcruntimed:undname.obj
 0001:000238b0       ?isPinPtr@DName@@QBEHXZ    004248b0 f i libvcruntimed:undname.obj
 0001:000238d0       ?isPtrRef@DName@@QBEHXZ    004248d0 f i libvcruntimed:undname.obj
 0001:000238f0       ?isUDC@DName@@QBEHXZ       004248f0 f i libvcruntimed:undname.obj
 0001:00023940       ?isUDTThunk@DName@@QBEHXZ  00424940 f i libvcruntimed:undname.obj
 0001:00023990       ?isVCallThunk@DName@@QBEHXZ 00424990 f i libvcruntimed:undname.obj
 0001:000239b0       ?isValid@DName@@QBEHXZ     004249b0 f i libvcruntimed:undname.obj
 0001:000239f0       ?length@DName@@QBEHXZ      004249f0 f i libvcruntimed:undname.obj
 0001:00023a40       ?length@DNameStatusNode@@UBEHXZ 00424a40 f i libvcruntimed:undname.obj
 0001:00023a60       ?length@charNode@@UBEHXZ   00424a60 f i libvcruntimed:undname.obj
 0001:00023a80       ?length@pDNameNode@@UBEHXZ 00424a80 f i libvcruntimed:undname.obj
 0001:00023ac0       ?length@pairNode@@UBEHXZ   00424ac0 f i libvcruntimed:undname.obj
 0001:00023b50       ?length@pcharNode@@UBEHXZ  00424b50 f i libvcruntimed:undname.obj
 0001:00023b70       ?make@DNameStatusNode@@SAPBV1@W4DNameStatus@@@Z 00424b70 f i libvcruntimed:undname.obj
 0001:00023bb0       ?parseDecoratedName@UnDecorator@@CA?AVDName@@XZ 00424bb0 f   libvcruntimed:undname.obj
 0001:00023da0       ?setIsArray@DName@@QAEXXZ  00424da0 f i libvcruntimed:undname.obj
 0001:00023dd0       ?setIsComArray@DName@@QAEXXZ 00424dd0 f i libvcruntimed:undname.obj
 0001:00023e00       ?setIsNoTE@DName@@QAEXXZ   00424e00 f i libvcruntimed:undname.obj
 0001:00023e30       ?setIsPinPtr@DName@@QAEXXZ 00424e30 f i libvcruntimed:undname.obj
 0001:00023e60       ?setIsUDC@DName@@QAEXXZ    00424e60 f i libvcruntimed:undname.obj
 0001:00023ea0       ?setIsVCallThunk@DName@@QAEXXZ 00424ea0 f i libvcruntimed:undname.obj
 0001:00023ed0       ?setPtrRef@DName@@QAEAAV1@XZ 00424ed0 f i libvcruntimed:undname.obj
 0001:00023f00       ?status@DName@@QBE?AW4DNameStatus@@XZ 00424f00 f i libvcruntimed:undname.obj
 0001:00024020       ___unDName                 00425020 f   libvcruntimed:undname.obj
 0001:00024060       ___unDNameEx               00425060 f   libvcruntimed:undname.obj
 0001:00024160       __vsprintf_s_l             00425160 f i libvcruntimed:undname.obj
 0001:000241c0       _sprintf_s                 004251c0 f i libvcruntimed:undname.obj
 0001:00024210       _unDNameGenerateCHPE       00425210 f   libvcruntimed:undname.obj
 0001:00024290       __global_unwind2           00425290 f   libvcruntimed:exsup.obj
 0001:000242f6       __local_unwind2            004252f6 f   libvcruntimed:exsup.obj
 0001:0002437a       __abnormal_termination     0042537a f   libvcruntimed:exsup.obj
 0001:000243a0       __NLG_Notify1              004253a0 f   libvcruntimed:exsup.obj
 0001:000243ac       __NLG_Notify               004253ac f   libvcruntimed:exsup.obj
 0001:000243c3       __NLG_Dispatch             004253c3     libvcruntimed:exsup.obj
 0001:000243c3       __NLG_Dispatch2            004253c3     libvcruntimed:exsup.obj
 0001:000243cb       __NLG_Call                 004253cb f   libvcruntimed:exsup.obj
 0001:000243cd       __NLG_Return2              004253cd     libvcruntimed:exsup.obj
 0001:00024420       ??$__crt_fast_decode_pointer@P6AXXZ@@YAP6AXXZQ6AXXZ@Z 00425420 f i libvcruntimed:purevirt.obj
 0001:00024450       ??$__crt_interlocked_exchange_pointer@$$A6AXXZP6AXXZ@@YAP6AXXZPDS6AXXZQ6AXXZ@Z 00425450 f i libvcruntimed:purevirt.obj
 0001:00024460       ??$__crt_interlocked_read_pointer@$$A6AXXZ@@YAP6AXXZPDS6AXXZ@Z 00425460 f i libvcruntimed:purevirt.obj
 0001:00024480       __get_purecall_handler     00425480 f   libvcruntimed:purevirt.obj
 0001:000244b0       __purecall                 004254b0 f   libvcruntimed:purevirt.obj
 0001:000244f0       __set_purecall_handler     004254f0 f   libvcruntimed:purevirt.obj
 0001:00024530       ??$?0AAViterator@TryBlockMap@__FrameHandler3@@AAV012@$0A@@?$pair@Viterator@TryBlockMap@__FrameHandler3@@V123@@std@@QAE@AAViterator@TryBlockMap@__FrameHandler3@@0@Z 00425530 f i libvcruntimed:trnsctrl.obj
 0001:00024590       ??$forward@AAViterator@TryBlockMap@__FrameHandler3@@@std@@YAAAViterator@TryBlockMap@__FrameHandler3@@AAV123@@Z 00425590 f i libvcruntimed:trnsctrl.obj
 0001:000245a0       ??0iterator@TryBlockMap@__FrameHandler3@@QAE@AAV12@I@Z 004255a0 f i libvcruntimed:trnsctrl.obj
 0001:000245d0       ?GetRangeOfTrysToCheck@__FrameHandler3@@SA?AU?$pair@Viterator@TryBlockMap@__FrameHandler3@@V123@@std@@AAVTryBlockMap@1@HH@Z 004255d0 f   libvcruntimed:trnsctrl.obj
 0001:00024700       ?_CallCatchBlock2@@YAPAXPAUEHRegistrationNode@@PBU_s_FuncInfo@@PAXHK@Z 00425700 f   libvcruntimed:trnsctrl.obj
 0001:00024790       ?_CallSETranslator@@YAHPAUEHExceptionRecord@@PAUEHRegistrationNode@@PAX2PBU_s_FuncInfo@@H1@Z 00425790 f   libvcruntimed:trnsctrl.obj
 0001:000248c0       ?_JumpToContinuation@@YGXPAXPAUEHRegistrationNode@@@Z 004258c0 f   libvcruntimed:trnsctrl.obj
 0001:00024900       ?_UnwindNestedFrames@@YGXPAUEHRegistrationNode@@PAUEHExceptionRecord@@@Z 00425900 f   libvcruntimed:trnsctrl.obj
 0001:00024970       ?getFuncInfo@TryBlockMap@__FrameHandler3@@QAEPBU_s_FuncInfo@@XZ 00425970 f i libvcruntimed:trnsctrl.obj
 0001:00024990       __CatchGuardHandler        00425990 f   libvcruntimed:trnsctrl.obj
 0001:000249f0       __CreateFrameInfo          004259f0 f   libvcruntimed:trnsctrl.obj
 0001:00024a30       __FindAndUnlinkFrame       00425a30 f   libvcruntimed:trnsctrl.obj
 0001:00024ac0       __TranslatorGuardHandler   00425ac0 f   libvcruntimed:trnsctrl.obj
 0001:00024ba0       ___CxxFrameHandler         00425ba0 f   libvcruntimed:trnsctrl.obj
 0001:00024bf0       ___CxxFrameHandler2        00425bf0 f   libvcruntimed:trnsctrl.obj
 0001:00024c40       ___CxxFrameHandler3        00425c40 f   libvcruntimed:trnsctrl.obj
 0001:00024c90       ___CxxLongjmpUnwind@4      00425c90 f   libvcruntimed:trnsctrl.obj
 0001:00025b80       ??$TypeMatchHelper@V__FrameHandler3@@@@YAHPBU_s_HandlerType@@PBU_s_CatchableType@@PBU_s_ThrowInfo@@@Z 00426b80 f i libvcruntimed:frame.obj
 0001:00025c90       ??$__InternalCxxFrameHandler@V__FrameHandler3@@@@YA?AW4_EXCEPTION_DISPOSITION@@PAUEHExceptionRecord@@PAUEHRegistrationNode@@PAU_CONTEXT@@PAXPBU_s_FuncInfo@@H1E@Z 00426c90 f i libvcruntimed:frame.obj
 0001:00025ee0       ??0HandlerMap@__FrameHandler3@@QAE@PBU_s_TryBlockMapEntry@@PAX@Z 00426ee0 f i libvcruntimed:frame.obj
 0001:00025f10       ??0TryBlockMap@__FrameHandler3@@QAE@PBU_s_FuncInfo@@PAX@Z 00426f10 f i libvcruntimed:frame.obj
 0001:00025f40       ??0bad_exception@std@@QAE@ABV01@@Z 00426f40 f i libvcruntimed:frame.obj
 0001:00025f70       ??0bad_exception@std@@QAE@XZ 00426f70 f i libvcruntimed:frame.obj
 0001:00025fa0       ??0exception@std@@QAE@ABV01@@Z 00426fa0 f i libvcruntimed:frame.obj
 0001:00025ff0       ??0exception@std@@QAE@QBDH@Z 00426ff0 f i libvcruntimed:frame.obj
 0001:00026030       ??0iterator@HandlerMap@__FrameHandler3@@QAE@AAV12@I@Z 00427030 f i libvcruntimed:frame.obj
 0001:00026060       ??1bad_exception@std@@UAE@XZ 00427060 f i libvcruntimed:frame.obj
 0001:00026080       ??1exception@std@@UAE@XZ   00427080 f i libvcruntimed:frame.obj
 0001:000260b0       ??8iterator@HandlerMap@__FrameHandler3@@QBE_NABV012@@Z 004270b0 f i libvcruntimed:frame.obj
 0001:000260f0       ??8type_info@@QBE_NABV0@@Z 004270f0 f i libvcruntimed:frame.obj
 0001:00026140       ??9iterator@HandlerMap@__FrameHandler3@@QBE_NABV012@@Z 00427140 f i libvcruntimed:frame.obj
 0001:00026190       ??Diterator@HandlerMap@__FrameHandler3@@QAEPBU_s_HandlerType@@XZ 00427190 f i libvcruntimed:frame.obj
 0001:000261c0       ??Diterator@TryBlockMap@__FrameHandler3@@QAEPBU_s_TryBlockMapEntry@@XZ 004271c0 f i libvcruntimed:frame.obj
 0001:000261f0       ??Eiterator@HandlerMap@__FrameHandler3@@QAEAAV012@XZ 004271f0 f i libvcruntimed:frame.obj
 0001:00026220       ??Eiterator@TryBlockMap@__FrameHandler3@@QAEAAV012@XZ 00427220 f i libvcruntimed:frame.obj
 0001:00026250       ??Miterator@TryBlockMap@__FrameHandler3@@QBE_NABV012@@Z 00427250 f i libvcruntimed:frame.obj
 0001:00026290       ??_Gbad_exception@std@@UAEPAXI@Z 00427290 f i libvcruntimed:frame.obj
 0001:00026290       ??_Ebad_exception@std@@UAEPAXI@Z 00427290 f i libvcruntimed:frame.obj
 0001:000262d0       ??_Gexception@std@@UAEPAXI@Z 004272d0 f i libvcruntimed:frame.obj
 0001:000262d0       ??_Eexception@std@@UAEPAXI@Z 004272d0 f i libvcruntimed:frame.obj
 0001:00026310       ?BuildCatchObject@__FrameHandler3@@SAXPAUEHExceptionRecord@@PAXPBU_s_HandlerType@@PBU_s_CatchableType@@@Z 00427310 f   libvcruntimed:frame.obj
 0001:00026340       ?BuildCatchObjectHelper@__FrameHandler3@@SAHPAUEHExceptionRecord@@PAXPBU_s_HandlerType@@PBU_s_CatchableType@@@Z 00427340 f   libvcruntimed:frame.obj
 0001:000267c0       ?FrameUnwindToEmptyState@__FrameHandler3@@SAXPAUEHRegistrationNode@@PAXPBU_s_FuncInfo@@@Z 004277c0 f   libvcruntimed:frame.obj
 0001:000267f0       ?FrameUnwindToState@__FrameHandler3@@SAXPAUEHRegistrationNode@@PAXPBU_s_FuncInfo@@H@Z 004277f0 f   libvcruntimed:frame.obj
 0001:000269d0       ?GetMaxState@__FrameHandler3@@SAHPAXPBU_s_FuncInfo@@@Z 004279d0 f i libvcruntimed:frame.obj
 0001:00026b30       ?TypeMatch@__FrameHandler3@@SAHPBU_s_HandlerType@@PBU_s_CatchableType@@PBU_s_ThrowInfo@@@Z 00427b30 f   libvcruntimed:frame.obj
 0001:00026b50       ?_CallMemberFunction1@@YGXQAX00@Z 00427b50 f i libvcruntimed:frame.obj
 0001:00026b70       ?_CallMemberFunction2@@YGXQAX00H@Z 00427b70 f i libvcruntimed:frame.obj
 0001:00026ba0       ?_ValidateExecute@@YA_NP6GHXZ@Z 00427ba0 f i libvcruntimed:frame.obj
 0001:00026bc0       ?_ValidateRead@@YA_NPBXI@Z 00427bc0 f i libvcruntimed:frame.obj
 0001:00026be0       ?_ValidateWrite@@YA_NPAXI@Z 00427be0 f i libvcruntimed:frame.obj
 0001:00026c00       ?begin@HandlerMap@__FrameHandler3@@QAE?AViterator@12@XZ 00427c00 f i libvcruntimed:frame.obj
 0001:00026c30       ?end@HandlerMap@__FrameHandler3@@QAE?AViterator@12@XZ 00427c30 f i libvcruntimed:frame.obj
 0001:00026c60       ?getESTypes@__FrameHandler3@@SAPBU_s_ESTypeList@@PBU_s_FuncInfo@@@Z 00427c60 f i libvcruntimed:frame.obj
 0001:00026c70       ?getLastEntry@HandlerMap@__FrameHandler3@@QAEPBU_s_HandlerType@@XZ 00427c70 f i libvcruntimed:frame.obj
 0001:00026ca0       ?getMagicNum@__FrameHandler3@@SAIPBU_s_FuncInfo@@@Z 00427ca0 f i libvcruntimed:frame.obj
 0001:00026cc0       ?getNumTryBlocks@TryBlockMap@__FrameHandler3@@QAEIXZ 00427cc0 f i libvcruntimed:frame.obj
 0001:00026ce0       ?isEHs@__FrameHandler3@@SA_NPBU_s_FuncInfo@@@Z 00427ce0 f i libvcruntimed:frame.obj
 0001:00026d10       ?isNoExcept@__FrameHandler3@@SA_NPBU_s_FuncInfo@@@Z 00427d10 f i libvcruntimed:frame.obj
 0001:00026d40       ?what@exception@std@@UBEPBDXZ 00427d40 f i libvcruntimed:frame.obj
 0001:00026d80       ___BuildCatchObject        00427d80 f   libvcruntimed:frame.obj
 0001:00026db0       ___BuildCatchObjectHelper  00427db0 f   libvcruntimed:frame.obj
 0001:00026de0       ___TypeMatch               00427de0 f   libvcruntimed:frame.obj
 0001:00026e00       ___vcrt_EncodePointer      00427e00 f i libvcruntimed:frame.obj
 0001:00026e20       __CallSettingFrame@12      00427e20 f   libvcruntimed:lowhelpr.obj
 0001:00026e47       __NLG_Return               00427e47     libvcruntimed:lowhelpr.obj
 0001:00026eb0       __get_unexpected           00427eb0 f   libvcruntimed:unexpected.obj
 0001:00026ed0       _set_unexpected            00427ed0 f   libvcruntimed:unexpected.obj
 0001:00026f10       _unexpected                00427f10 f   libvcruntimed:unexpected.obj
 0001:00026f50       _memmove                   00427f50 f   libvcruntimed:memmove.obj
 0001:00027630       ?GetCurrentState@__FrameHandler3@@SAHPAUEHRegistrationNode@@PAXPBU_s_FuncInfo@@@Z 00428630 f   libvcruntimed:ehstate.obj
 0001:00027670       ?SetState@__FrameHandler3@@SAXPAUEHRegistrationNode@@PBU_s_FuncInfo@@H@Z 00428670 f   libvcruntimed:ehstate.obj
 0001:00027690       ___DestructExceptionObject 00428690 f   libvcruntimed:ehhelpers.obj
 0001:00027810       ?_CallMemberFunction0@@YGXQAX0@Z 00428810 f i libvcruntimed:ehhelpers.obj
 0001:00027830       ?raw_name@type_info@@QBEPBDXZ 00428830 f i libvcruntimed:ehhelpers.obj
 0001:00027850       __IsExceptionObjectToBeDestroyed 00428850 f   libvcruntimed:ehhelpers.obj
 0001:000278a0       __SetWinRTOutOfMemoryExceptionCallback 004288a0 f   libvcruntimed:ehhelpers.obj
 0001:000278b0       ___AdjustPointer           004288b0 f   libvcruntimed:ehhelpers.obj
 0001:00027910       ___FrameUnwindFilter       00428910 f   libvcruntimed:ehhelpers.obj
 0001:000279a0       ___GetPlatformExceptionInfo 004289a0 f   libvcruntimed:ehhelpers.obj
 0001:00027a40       ___current_exception       00428a40 f   libvcruntimed:ehhelpers.obj
 0001:00027a50       ___current_exception_context 00428a50 f   libvcruntimed:ehhelpers.obj
 0001:00027a60       ___processing_throw        00428a60 f   libvcruntimed:ehhelpers.obj
 0001:00027a70       ___std_terminate           00428a70 f   libvcruntimed:ehhelpers.obj
 0001:00027a80       __is_exception_typeof      00428a80 f   libvcruntimed:ehhelpers.obj
 0001:00027b90       ??$?RD@__crt_public_free_policy@@QBEXQBD@Z 00428b90 f i libvcruntimed:std_exception.obj
 0001:00027bb0       ??0?$__crt_unique_heap_ptr@DU__crt_public_free_policy@@@@QAE@QAD@Z 00428bb0 f i libvcruntimed:std_exception.obj
 0001:00027bd0       ??1?$__crt_unique_heap_ptr@DU__crt_public_free_policy@@@@QAE@XZ 00428bd0 f i libvcruntimed:std_exception.obj
 0001:00027bf0       ??B?$__crt_unique_heap_ptr@DU__crt_public_free_policy@@@@QBE_NXZ 00428bf0 f i libvcruntimed:std_exception.obj
 0001:00027c10       ?detach@?$__crt_unique_heap_ptr@DU__crt_public_free_policy@@@@QAEPADXZ 00428c10 f i libvcruntimed:std_exception.obj
 0001:00027c40       ?get@?$__crt_unique_heap_ptr@DU__crt_public_free_policy@@@@QBEPADXZ 00428c40 f i libvcruntimed:std_exception.obj
 0001:00027c60       ?is_valid@?$__crt_unique_heap_ptr@DU__crt_public_free_policy@@@@QBE_NXZ 00428c60 f i libvcruntimed:std_exception.obj
 0001:00027ca0       ?release@?$__crt_unique_heap_ptr@DU__crt_public_free_policy@@@@QAEXXZ 00428ca0 f i libvcruntimed:std_exception.obj
 0001:00027cd0       ___std_exception_copy      00428cd0 f   libvcruntimed:std_exception.obj
 0001:00027df0       ___std_exception_destroy   00428df0 f   libvcruntimed:std_exception.obj
 0001:00027e30       __CxxThrowException@8      00428e30 f   libvcruntimed:throw.obj
 0001:00027f10       ??$?RPAU__crt_stdio_stream_data@@@__crt_internal_free_policy@@QBEXQBQAU__crt_stdio_stream_data@@@Z 00428f10 f i libucrtd:_file.obj
 0001:00027f40       ??0?$__crt_unique_heap_ptr@PAU__crt_stdio_stream_data@@U__crt_internal_free_policy@@@@QAE@QAPAU__crt_stdio_stream_data@@@Z 00428f40 f i libucrtd:_file.obj
 0001:00027f60       ??0__crt_stdio_stream@@QAE@QAU_iobuf@@@Z 00428f60 f i libucrtd:_file.obj
 0001:00027f80       ??1?$__crt_unique_heap_ptr@PAU__crt_stdio_stream_data@@U__crt_internal_free_policy@@@@QAE@XZ 00428f80 f i libucrtd:_file.obj
 0001:00027fa0       ??C__crt_stdio_stream@@QBEPAU__crt_stdio_stream_data@@XZ 00428fa0 f i libucrtd:_file.obj
 0001:00027fc0       ?detach@?$__crt_unique_heap_ptr@PAU__crt_stdio_stream_data@@U__crt_internal_free_policy@@@@QAEPAPAU__crt_stdio_stream_data@@XZ 00428fc0 f i libucrtd:_file.obj
 0001:00027ff0       ?release@?$__crt_unique_heap_ptr@PAU__crt_stdio_stream_data@@U__crt_internal_free_policy@@@@QAEXXZ 00428ff0 f i libucrtd:_file.obj
 0001:00028020       ___acrt_initialize_stdio   00429020 f   libucrtd:_file.obj
 0001:000281f0       ___acrt_iob_func           004291f0 f   libucrtd:_file.obj
 0001:00028210       ___acrt_uninitialize_stdio 00429210 f   libucrtd:_file.obj
 0001:000282b0       __get_stream_buffer_pointers 004292b0 f   libucrtd:_file.obj
 0001:000283c0       __lock_file                004293c0 f   libucrtd:_file.obj
 0001:000283f0       __unlock_file              004293f0 f   libucrtd:_file.obj
 0001:00028420       ??$__crt_interlocked_read@J@@YAJPDJ@Z 00429420 f i libucrtd:fclose.obj
 0001:00028440       ?get_flags@__crt_stdio_stream@@QBEJXZ 00429440 f i libucrtd:fclose.obj
 0001:00028470       ?is_in_use@__crt_stdio_stream@@QBE_NXZ 00429470 f i libucrtd:fclose.obj
 0001:000284b0       ?is_string_backed@__crt_stdio_stream@@QBE_NXZ 004294b0 f i libucrtd:fclose.obj
 0001:000284f0       ?public_stream@__crt_stdio_stream@@QBEPAU_iobuf@@XZ 004294f0 f i libucrtd:fclose.obj
 0001:00028510       ?valid@__crt_stdio_stream@@QBE_NXZ 00429510 f i libucrtd:fclose.obj
 0001:00028550       __fclose_nolock            00429550 f   libucrtd:fclose.obj
 0001:000286e0       _fclose                    004296e0 f   libucrtd:fclose.obj
 0001:00029020       ??$open_file@ABQBDABQBDABHPAU_iobuf@@@?$__crt_char_traits@D@@SAPAU_iobuf@@ABQBD0ABH$$QAPAU1@@Z 0042a020 f i libucrtd:fopen.obj
 0001:00029050       ??$open_file@ABQB_WABQB_WABHPAU_iobuf@@@?$__crt_char_traits@_W@@SAPAU_iobuf@@ABQB_W0ABH$$QAPAU1@@Z 0042a050 f i libucrtd:fopen.obj
 0001:00029080       ?unlock@__crt_stdio_stream@@QBEXXZ 0042a080 f i libucrtd:fopen.obj
 0001:000290b0       __fsopen                   0042a0b0 f   libucrtd:fopen.obj
 0001:000290e0       __wfopen                   0042a0e0 f   libucrtd:fopen.obj
 0001:00029100       __wfopen_s                 0042a100 f   libucrtd:fopen.obj
 0001:00029130       __wfsopen                  0042a130 f   libucrtd:fopen.obj
 0001:00029160       _fopen                     0042a160 f   libucrtd:fopen.obj
 0001:00029180       _fopen_s                   0042a180 f   libucrtd:fopen.obj
 0001:000291b0       __fputc_nolock             0042a1b0 f   libucrtd:fputc.obj
 0001:00029260       __fputchar                 0042a260 f   libucrtd:fputc.obj
 0001:00029290       __putc_nolock              0042a290 f   libucrtd:fputc.obj
 0001:000292b0       _fputc                     0042a2b0 f   libucrtd:fputc.obj
 0001:00029580       _putc                      0042a580 f   libucrtd:fputc.obj
 0001:000295a0       _putchar                   0042a5a0 f   libucrtd:fputc.obj
 0001:000295c0       ?__acrt_stdio_reset_buffer@@YAXV__crt_stdio_stream@@@Z 0042a5c0 f i libucrtd:fread.obj
 0001:00029600       ?has_any_buffer@__crt_stdio_stream@@QBE_NXZ 0042a600 f i libucrtd:fread.obj
 0001:00029620       ?has_any_of@__crt_stdio_stream@@QBE_NJ@Z 0042a620 f i libucrtd:fread.obj
 0001:00029660       ?set_flags@__crt_stdio_stream@@QBE_NJ@Z 0042a660 f i libucrtd:fread.obj
 0001:000296c0       __fread_nolock             0042a6c0 f   libucrtd:fread.obj
 0001:000296f0       __fread_nolock_s           0042a6f0 f   libucrtd:fread.obj
 0001:00029f10       _fread                     0042af10 f   libucrtd:fread.obj
 0001:00029f40       _fread_s                   0042af40 f   libucrtd:fread.obj
 0001:0002a230       ?LongLongSub@@YAJ_J0PA_J@Z 0042b230 f i libucrtd:fseek.obj
 0001:0002a930       ?has_all_of@__crt_stdio_stream@@QBE_NJ@Z 0042b930 f i libucrtd:fseek.obj
 0001:0002a980       ?lowio_handle@__crt_stdio_stream@@QBEHXZ 0042b980 f i libucrtd:fseek.obj
 0001:0002a9b0       ?unset_flags@__crt_stdio_stream@@QBE_NJ@Z 0042b9b0 f i libucrtd:fseek.obj
 0001:0002aa10       __fseek_nolock             0042ba10 f   libucrtd:fseek.obj
 0001:0002aa50       __fseeki64                 0042ba50 f   libucrtd:fseek.obj
 0001:0002aa90       __fseeki64_nolock          0042ba90 f   libucrtd:fseek.obj
 0001:0002aad0       _fseek                     0042bad0 f   libucrtd:fseek.obj
 0001:0002bb40       ?ctrl_z@__crt_stdio_stream@@QBE_NXZ 0042cb40 f i libucrtd:ftell.obj
 0001:0002bb60       ?has_big_buffer@__crt_stdio_stream@@QBE_NXZ 0042cb60 f i libucrtd:ftell.obj
 0001:0002bb80       ?has_crt_buffer@__crt_stdio_stream@@QBE_NXZ 0042cb80 f i libucrtd:ftell.obj
 0001:0002bba0       ?has_setvbuf_buffer@__crt_stdio_stream@@QBE_NXZ 0042cba0 f i libucrtd:ftell.obj
 0001:0002bbc0       __ftell_nolock             0042cbc0 f   libucrtd:ftell.obj
 0001:0002bbf0       __ftelli64                 0042cbf0 f   libucrtd:ftell.obj
 0001:0002bc20       __ftelli64_nolock          0042cc20 f   libucrtd:ftell.obj
 0001:0002bc50       __utf8_no_of_trailbytes    0042cc50 f i libucrtd:ftell.obj
 0001:0002bc70       _ftell                     0042cc70 f   libucrtd:ftell.obj
 0001:0002be20       ??$__acrt_mbs_to_wcs_cp@U__crt_win32_buffer_internal_dynamic_resizing@@@@YAHQBDAAV?$__crt_win32_buffer@_WU__crt_win32_buffer_internal_dynamic_resizing@@@@I@Z 0042ce20 f i libucrtd:unlink.obj
 0001:0002be50       ??0?$__crt_win32_buffer@_WU__crt_win32_buffer_internal_dynamic_resizing@@@@QAE@XZ 0042ce50 f i libucrtd:unlink.obj
 0001:0002beb0       ??0_LocaleUpdate@@QAE@QAU__crt_locale_pointers@@@Z 0042ceb0 f i libucrtd:unlink.obj
 0001:0002bfd0       ??1?$__crt_win32_buffer@_WU__crt_win32_buffer_internal_dynamic_resizing@@@@QAE@XZ 0042cfd0 f i libucrtd:unlink.obj
 0001:0002c020       ??1_LocaleUpdate@@QAE@XZ   0042d020 f i libucrtd:unlink.obj
 0001:0002c0a0       ?GetLocaleT@_LocaleUpdate@@QAEPAU__crt_locale_pointers@@XZ 0042d0a0 f i libucrtd:unlink.obj
 0001:0002c0c0       ?__acrt_get_utf8_acp_compatibility_codepage@@YAIXZ 0042d0c0 f i libucrtd:unlink.obj
 0001:0002c170       ?_deallocate@?$__crt_win32_buffer@_WU__crt_win32_buffer_internal_dynamic_resizing@@@@AAEXXZ 0042d170 f i libucrtd:unlink.obj
 0001:0002c1c0       ?allocate@?$__crt_win32_buffer@_WU__crt_win32_buffer_internal_dynamic_resizing@@@@QAEHI@Z 0042d1c0 f i libucrtd:unlink.obj
 0001:0002c250       ?allocate@__crt_win32_buffer_internal_dynamic_resizing@@SAHQAPAXIABV__crt_win32_buffer_empty_debug_info@@@Z 0042d250 f i libucrtd:unlink.obj
 0001:0002c2a0       ?capacity@?$__crt_win32_buffer@_WU__crt_win32_buffer_internal_dynamic_resizing@@@@QBEIXZ 0042d2a0 f i libucrtd:unlink.obj
 0001:0002c2c0       ?data@?$__crt_win32_buffer@_WU__crt_win32_buffer_internal_dynamic_resizing@@@@QAEPA_WXZ 0042d2c0 f i libucrtd:unlink.obj
 0001:0002c2e0       ?deallocate@__crt_win32_buffer_internal_dynamic_resizing@@SAXQAXABV__crt_win32_buffer_empty_debug_info@@@Z 0042d2e0 f i libucrtd:unlink.obj
 0001:0002c300       ?debug_info@?$__crt_win32_buffer@_WU__crt_win32_buffer_internal_dynamic_resizing@@@@QBEABV__crt_win32_buffer_empty_debug_info@@XZ 0042d300 f i libucrtd:unlink.obj
 0001:0002c320       ?set_to_nullptr@?$__crt_win32_buffer@_WU__crt_win32_buffer_internal_dynamic_resizing@@@@QAEXXZ 0042d320 f i libucrtd:unlink.obj
 0001:0002c360       ?size@?$__crt_win32_buffer@_WU__crt_win32_buffer_internal_dynamic_resizing@@@@QAEXI@Z 0042d360 f i libucrtd:unlink.obj
 0001:0002c380       ___acrt_locale_changed     0042d380 f i libucrtd:unlink.obj
 0001:0002c3b0       __unlink                   0042d3b0 f   libucrtd:unlink.obj
 0001:0002c3d0       _remove                    0042d3d0 f   libucrtd:unlink.obj
 0001:0002c630       _rename                    0042d630 f   libucrtd:rename.obj
 0001:0002c740       ??$?0ABV?$stream_output_adapter@D@__crt_stdio_output@@AB_KABQBDABQAU__crt_locale_pointers@@ABQAD@?$format_validation_base@DV?$stream_output_adapter@D@__crt_stdio_output@@@__crt_stdio_output@@IAE@ABV?$stream_output_adapter@D@1@AB_KABQBDABQAU__crt_locale_pointers@@ABQAD@Z 0042d740 f i libucrtd:output.obj
 0001:0002c780       ??$?0ABV?$stream_output_adapter@D@__crt_stdio_output@@AB_KABQBDABQAU__crt_locale_pointers@@ABQAD@?$positional_parameter_base@DV?$stream_output_adapter@D@__crt_stdio_output@@@__crt_stdio_output@@IAE@ABV?$stream_output_adapter@D@1@AB_KABQBDABQAU__crt_locale_pointers@@ABQAD@Z 0042d780 f i libucrtd:output.obj
 0001:0002c810       ??$?0ABV?$stream_output_adapter@D@__crt_stdio_output@@AB_KABQBDABQAU__crt_locale_pointers@@ABQAD@?$standard_base@DV?$stream_output_adapter@D@__crt_stdio_output@@@__crt_stdio_output@@IAE@ABV?$stream_output_adapter@D@1@AB_KABQBDABQAU__crt_locale_pointers@@ABQAD@Z 0042d810 f i libucrtd:output.obj
 0001:0002c870       ??$?0ABV?$stream_output_adapter@_W@__crt_stdio_output@@AB_KABQB_WABQAU__crt_locale_pointers@@ABQAD@?$format_validation_base@_WV?$stream_output_adapter@_W@__crt_stdio_output@@@__crt_stdio_output@@IAE@ABV?$stream_output_adapter@_W@1@AB_KABQB_WABQAU__crt_locale_pointers@@ABQAD@Z 0042d870 f i libucrtd:output.obj
 0001:0002c8b0       ??$?0ABV?$stream_output_adapter@_W@__crt_stdio_output@@AB_KABQB_WABQAU__crt_locale_pointers@@ABQAD@?$positional_parameter_base@_WV?$stream_output_adapter@_W@__crt_stdio_output@@@__crt_stdio_output@@IAE@ABV?$stream_output_adapter@_W@1@AB_KABQB_WABQAU__crt_locale_pointers@@ABQAD@Z 0042d8b0 f i libucrtd:output.obj
 0001:0002c940       ??$?0ABV?$stream_output_adapter@_W@__crt_stdio_output@@AB_KABQB_WABQAU__crt_locale_pointers@@ABQAD@?$standard_base@_WV?$stream_output_adapter@_W@__crt_stdio_output@@@__crt_stdio_output@@IAE@ABV?$stream_output_adapter@_W@1@AB_KABQB_WABQAU__crt_locale_pointers@@ABQAD@Z 0042d940 f i libucrtd:output.obj
 0001:0002c9a0       ??$?0ABV?$string_output_adapter@D@__crt_stdio_output@@AB_KABQBDABQAU__crt_locale_pointers@@ABQAD@?$format_validation_base@DV?$string_output_adapter@D@__crt_stdio_output@@@__crt_stdio_output@@IAE@ABV?$string_output_adapter@D@1@AB_KABQBDABQAU__crt_locale_pointers@@ABQAD@Z 0042d9a0 f i libucrtd:output.obj
 0001:0002c9e0       ??$?0ABV?$string_output_adapter@D@__crt_stdio_output@@AB_KABQBDABQAU__crt_locale_pointers@@ABQAD@?$positional_parameter_base@DV?$string_output_adapter@D@__crt_stdio_output@@@__crt_stdio_output@@IAE@ABV?$string_output_adapter@D@1@AB_KABQBDABQAU__crt_locale_pointers@@ABQAD@Z 0042d9e0 f i libucrtd:output.obj
 0001:0002ca70       ??$?0ABV?$string_output_adapter@D@__crt_stdio_output@@AB_KABQBDABQAU__crt_locale_pointers@@ABQAD@?$standard_base@DV?$string_output_adapter@D@__crt_stdio_output@@@__crt_stdio_output@@IAE@ABV?$string_output_adapter@D@1@AB_KABQBDABQAU__crt_locale_pointers@@ABQAD@Z 0042da70 f i libucrtd:output.obj
 0001:0002cad0       ??$?0ABV?$string_output_adapter@_W@__crt_stdio_output@@AB_KABQB_WABQAU__crt_locale_pointers@@ABQAD@?$format_validation_base@_WV?$string_output_adapter@_W@__crt_stdio_output@@@__crt_stdio_output@@IAE@ABV?$string_output_adapter@_W@1@AB_KABQB_WABQAU__crt_locale_pointers@@ABQAD@Z 0042dad0 f i libucrtd:output.obj
 0001:0002cb10       ??$?0ABV?$string_output_adapter@_W@__crt_stdio_output@@AB_KABQB_WABQAU__crt_locale_pointers@@ABQAD@?$positional_parameter_base@_WV?$string_output_adapter@_W@__crt_stdio_output@@@__crt_stdio_output@@IAE@ABV?$string_output_adapter@_W@1@AB_KABQB_WABQAU__crt_locale_pointers@@ABQAD@Z 0042db10 f i libucrtd:output.obj
 0001:0002cba0       ??$?0ABV?$string_output_adapter@_W@__crt_stdio_output@@AB_KABQB_WABQAU__crt_locale_pointers@@ABQAD@?$standard_base@_WV?$string_output_adapter@_W@__crt_stdio_output@@@__crt_stdio_output@@IAE@ABV?$string_output_adapter@_W@1@AB_KABQB_WABQAU__crt_locale_pointers@@ABQAD@Z 0042dba0 f i libucrtd:output.obj
 0001:00030a20       ??$count@D@formatting_buffer@__crt_stdio_output@@QBEIXZ 00431a20 f i libucrtd:output.obj
 0001:00030a70       ??$count@_W@formatting_buffer@__crt_stdio_output@@QBEIXZ 00431a70 f i libucrtd:output.obj
 0001:00030ac0       ??$data@D@formatting_buffer@__crt_stdio_output@@QAEPADXZ 00431ac0 f i libucrtd:output.obj
 0001:00030b10       ??$data@_W@formatting_buffer@__crt_stdio_output@@QAEPA_WXZ 00431b10 f i libucrtd:output.obj
 0001:00030b60       ??$ensure_buffer_is_big_enough@D@formatting_buffer@__crt_stdio_output@@QAE_NI@Z 00431b60 f i libucrtd:output.obj
 0001:00030c80       ??$ensure_buffer_is_big_enough@_W@formatting_buffer@__crt_stdio_output@@QAE_NI@Z 00431c80 f i libucrtd:output.obj
 0001:00030da0       ??$extract_argument_from_va_list@C_J@?$positional_parameter_base@DV?$stream_output_adapter@D@__crt_stdio_output@@@__crt_stdio_output@@IAE_NAA_J@Z 00431da0 f i libucrtd:output.obj
 0001:00030f20       ??$extract_argument_from_va_list@C_J@?$positional_parameter_base@DV?$string_output_adapter@D@__crt_stdio_output@@@__crt_stdio_output@@IAE_NAA_J@Z 00431f20 f i libucrtd:output.obj
 0001:000310a0       ??$extract_argument_from_va_list@C_J@?$positional_parameter_base@_WV?$stream_output_adapter@_W@__crt_stdio_output@@@__crt_stdio_output@@IAE_NAA_J@Z 004320a0 f i libucrtd:output.obj
 0001:00031220       ??$extract_argument_from_va_list@C_J@?$positional_parameter_base@_WV?$string_output_adapter@_W@__crt_stdio_output@@@__crt_stdio_output@@IAE_NAA_J@Z 00432220 f i libucrtd:output.obj
 0001:000313a0       ??$extract_argument_from_va_list@C_J@?$standard_base@DV?$stream_output_adapter@D@__crt_stdio_output@@@__crt_stdio_output@@IAE_NAA_J@Z 004323a0 f i libucrtd:output.obj
 0001:000313e0       ??$extract_argument_from_va_list@C_J@?$standard_base@DV?$string_output_adapter@D@__crt_stdio_output@@@__crt_stdio_output@@IAE_NAA_J@Z 004323e0 f i libucrtd:output.obj
 0001:00031420       ??$extract_argument_from_va_list@C_J@?$standard_base@_WV?$stream_output_adapter@_W@__crt_stdio_output@@@__crt_stdio_output@@IAE_NAA_J@Z 00432420 f i libucrtd:output.obj
 0001:00031460       ??$extract_argument_from_va_list@C_J@?$standard_base@_WV?$string_output_adapter@_W@__crt_stdio_output@@@__crt_stdio_output@@IAE_NAA_J@Z 00432460 f i libucrtd:output.obj
 0001:000314a0       ??$extract_argument_from_va_list@E_J@?$positional_parameter_base@DV?$stream_output_adapter@D@__crt_stdio_output@@@__crt_stdio_output@@IAE_NAA_J@Z 004324a0 f i libucrtd:output.obj
 0001:00031620       ??$extract_argument_from_va_list@E_J@?$positional_parameter_base@DV?$string_output_adapter@D@__crt_stdio_output@@@__crt_stdio_output@@IAE_NAA_J@Z 00432620 f i libucrtd:output.obj
 0001:000317a0       ??$extract_argument_from_va_list@E_J@?$positional_parameter_base@_WV?$stream_output_adapter@_W@__crt_stdio_output@@@__crt_stdio_output@@IAE_NAA_J@Z 004327a0 f i libucrtd:output.obj
 0001:00031920       ??$extract_argument_from_va_list@E_J@?$positional_parameter_base@_WV?$string_output_adapter@_W@__crt_stdio_output@@@__crt_stdio_output@@IAE_NAA_J@Z 00432920 f i libucrtd:output.obj
 0001:00031aa0       ??$extract_argument_from_va_list@E_J@?$standard_base@DV?$stream_output_adapter@D@__crt_stdio_output@@@__crt_stdio_output@@IAE_NAA_J@Z 00432aa0 f i libucrtd:output.obj
 0001:00031ae0       ??$extract_argument_from_va_list@E_J@?$standard_base@DV?$string_output_adapter@D@__crt_stdio_output@@@__crt_stdio_output@@IAE_NAA_J@Z 00432ae0 f i libucrtd:output.obj
 0001:00031b20       ??$extract_argument_from_va_list@E_J@?$standard_base@_WV?$stream_output_adapter@_W@__crt_stdio_output@@@__crt_stdio_output@@IAE_NAA_J@Z 00432b20 f i libucrtd:output.obj
 0001:00031b60       ??$extract_argument_from_va_list@E_J@?$standard_base@_WV?$string_output_adapter@_W@__crt_stdio_output@@@__crt_stdio_output@@IAE_NAA_J@Z 00432b60 f i libucrtd:output.obj
 0001:00031ba0       ??$extract_argument_from_va_list@F_J@?$positional_parameter_base@DV?$stream_output_adapter@D@__crt_stdio_output@@@__crt_stdio_output@@IAE_NAA_J@Z 00432ba0 f i libucrtd:output.obj
 0001:00031d20       ??$extract_argument_from_va_list@F_J@?$positional_parameter_base@DV?$string_output_adapter@D@__crt_stdio_output@@@__crt_stdio_output@@IAE_NAA_J@Z 00432d20 f i libucrtd:output.obj
 0001:00031ea0       ??$extract_argument_from_va_list@F_J@?$positional_parameter_base@_WV?$stream_output_adapter@_W@__crt_stdio_output@@@__crt_stdio_output@@IAE_NAA_J@Z 00432ea0 f i libucrtd:output.obj
 0001:00032020       ??$extract_argument_from_va_list@F_J@?$positional_parameter_base@_WV?$string_output_adapter@_W@__crt_stdio_output@@@__crt_stdio_output@@IAE_NAA_J@Z 00433020 f i libucrtd:output.obj
 0001:000321a0       ??$extract_argument_from_va_list@F_J@?$standard_base@DV?$stream_output_adapter@D@__crt_stdio_output@@@__crt_stdio_output@@IAE_NAA_J@Z 004331a0 f i libucrtd:output.obj
 0001:000321e0       ??$extract_argument_from_va_list@F_J@?$standard_base@DV?$string_output_adapter@D@__crt_stdio_output@@@__crt_stdio_output@@IAE_NAA_J@Z 004331e0 f i libucrtd:output.obj
 0001:00032220       ??$extract_argument_from_va_list@F_J@?$standard_base@_WV?$stream_output_adapter@_W@__crt_stdio_output@@@__crt_stdio_output@@IAE_NAA_J@Z 00433220 f i libucrtd:output.obj
 0001:00032260       ??$extract_argument_from_va_list@F_J@?$standard_base@_WV?$string_output_adapter@_W@__crt_stdio_output@@@__crt_stdio_output@@IAE_NAA_J@Z 00433260 f i libucrtd:output.obj
 0001:000322a0       ??$extract_argument_from_va_list@GD@?$positional_parameter_base@DV?$stream_output_adapter@D@__crt_stdio_output@@@__crt_stdio_output@@IAE_NAAD@Z 004332a0 f i libucrtd:output.obj
 0001:00032420       ??$extract_argument_from_va_list@GD@?$positional_parameter_base@DV?$string_output_adapter@D@__crt_stdio_output@@@__crt_stdio_output@@IAE_NAAD@Z 00433420 f i libucrtd:output.obj
 0001:000325a0       ??$extract_argument_from_va_list@GD@?$standard_base@DV?$stream_output_adapter@D@__crt_stdio_output@@@__crt_stdio_output@@IAE_NAAD@Z 004335a0 f i libucrtd:output.obj
 0001:000325d0       ??$extract_argument_from_va_list@GD@?$standard_base@DV?$string_output_adapter@D@__crt_stdio_output@@@__crt_stdio_output@@IAE_NAAD@Z 004335d0 f i libucrtd:output.obj
 0001:00032600       ??$extract_argument_from_va_list@G_J@?$positional_parameter_base@DV?$stream_output_adapter@D@__crt_stdio_output@@@__crt_stdio_output@@IAE_NAA_J@Z 00433600 f i libucrtd:output.obj
 0001:00032780       ??$extract_argument_from_va_list@G_J@?$positional_parameter_base@DV?$string_output_adapter@D@__crt_stdio_output@@@__crt_stdio_output@@IAE_NAA_J@Z 00433780 f i libucrtd:output.obj
 0001:00032900       ??$extract_argument_from_va_list@G_J@?$positional_parameter_base@_WV?$stream_output_adapter@_W@__crt_stdio_output@@@__crt_stdio_output@@IAE_NAA_J@Z 00433900 f i libucrtd:output.obj
 0001:00032a80       ??$extract_argument_from_va_list@G_J@?$positional_parameter_base@_WV?$string_output_adapter@_W@__crt_stdio_output@@@__crt_stdio_output@@IAE_NAA_J@Z 00433a80 f i libucrtd:output.obj
 0001:00032c00       ??$extract_argument_from_va_list@G_J@?$standard_base@DV?$stream_output_adapter@D@__crt_stdio_output@@@__crt_stdio_output@@IAE_NAA_J@Z 00433c00 f i libucrtd:output.obj
 0001:00032c40       ??$extract_argument_from_va_list@G_J@?$standard_base@DV?$string_output_adapter@D@__crt_stdio_output@@@__crt_stdio_output@@IAE_NAA_J@Z 00433c40 f i libucrtd:output.obj
 0001:00032c80       ??$extract_argument_from_va_list@G_J@?$standard_base@_WV?$stream_output_adapter@_W@__crt_stdio_output@@@__crt_stdio_output@@IAE_NAA_J@Z 00433c80 f i libucrtd:output.obj
 0001:00032cc0       ??$extract_argument_from_va_list@G_J@?$standard_base@_WV?$string_output_adapter@_W@__crt_stdio_output@@@__crt_stdio_output@@IAE_NAA_J@Z 00433cc0 f i libucrtd:output.obj
 0001:00032d00       ??$extract_argument_from_va_list@H_J@?$positional_parameter_base@DV?$stream_output_adapter@D@__crt_stdio_output@@@__crt_stdio_output@@IAE_NAA_J@Z 00433d00 f i libucrtd:output.obj
 0001:00032e80       ??$extract_argument_from_va_list@H_J@?$positional_parameter_base@DV?$string_output_adapter@D@__crt_stdio_output@@@__crt_stdio_output@@IAE_NAA_J@Z 00433e80 f i libucrtd:output.obj
 0001:00033000       ??$extract_argument_from_va_list@H_J@?$positional_parameter_base@_WV?$stream_output_adapter@_W@__crt_stdio_output@@@__crt_stdio_output@@IAE_NAA_J@Z 00434000 f i libucrtd:output.obj
 0001:00033180       ??$extract_argument_from_va_list@H_J@?$positional_parameter_base@_WV?$string_output_adapter@_W@__crt_stdio_output@@@__crt_stdio_output@@IAE_NAA_J@Z 00434180 f i libucrtd:output.obj
 0001:00033300       ??$extract_argument_from_va_list@H_J@?$standard_base@DV?$stream_output_adapter@D@__crt_stdio_output@@@__crt_stdio_output@@IAE_NAA_J@Z 00434300 f i libucrtd:output.obj
 0001:00033340       ??$extract_argument_from_va_list@H_J@?$standard_base@DV?$string_output_adapter@D@__crt_stdio_output@@@__crt_stdio_output@@IAE_NAA_J@Z 00434340 f i libucrtd:output.obj
[...]
 0002:000263f8       __sehtable$__CrtDoForAllClientObjects 004e13f8     libucrtd:debug_heap.obj
 0002:00026418       __sehtable$__CrtIsMemoryBlock 004e1418     libucrtd:debug_heap.obj
 0002:00026438       __sehtable$__CrtMemCheckpoint 004e1438     libucrtd:debug_heap.obj
 0002:00026458       __sehtable$__CrtMemDumpAllObjectsSince 004e1458     libucrtd:debug_heap.obj
 0002:00026478       __sehtable$__CrtSetDbgFlag 004e1478     libucrtd:debug_heap.obj
 0002:00026498       __sehtable$__expand_dbg    004e1498     libucrtd:debug_heap.obj
 0002:000264b8       __sehtable$__free_dbg      004e14b8     libucrtd:debug_heap.obj
 0002:000264d8       __sehtable$__msize_dbg     004e14d8     libucrtd:debug_heap.obj
 0002:000264f8       __sehtable$__realloc_dbg   004e14f8     libucrtd:debug_heap.obj
 0002:00026518       __sehtable$?is_bad_read_pointer@@YA_NQBXI@Z 004e1518     libucrtd:debug_heap.obj
 0002:00026538       __sehtable$?validate_heap_if_required_nolock@@YAXXZ 004e1538     libucrtd:debug_heap.obj
 0002:00026558       __sehtable$?heap_alloc_dbg_internal@@YAPAXIHQBDH@Z 004e1558     libucrtd:debug_heap.obj
 0002:00026578       __sehtable$__CrtSetDbgBlockType 004e1578     libucrtd:debug_heap.obj
 0002:00026598       __sehtable$??$?RV<lambda_b3f2a7703f147ea4aca55ed56acde2ed>@@AAV<lambda_a222bbfdcf97c91f7d8030c20e23060e>@@V<lambda_069423356000c0f10f5fe96ac65db66d>@@@?$__crt_seh_guarded_call@H@@QAEH$$QAV<lambda_b3f2a7703f147ea4aca55ed56acde2ed>@@AAV<lambda_a222bbfdcf97c91f7d8030c20e23060e>@@$$QAV<lambda_069423356000c0f10f5fe96ac65db66d>@@@Z 004e1598     libucrtd:dbgrpt.obj
 0002:000265b8       __sehtable$??$?RV<lambda_6b91fda0574d829f36484cbf4428f79d>@@AAV<lambda_a6a20e8ed7c4ffd287162f70e68c8000>@@V<lambda_6f6612a01283b279e88a3dda7d7a9d30>@@@?$__crt_seh_guarded_call@H@@QAEH$$QAV<lambda_6b91fda0574d829f36484cbf4428f79d>@@AAV<lambda_a6a20e8ed7c4ffd287162f70e68c8000>@@$$QAV<lambda_6f6612a01283b279e88a3dda7d7a9d30>@@@Z 004e15b8     libucrtd:dbgrpt.obj
 0002:000265d8       __sehtable$??$?RV<lambda_93797fb4802c957ba6a7f08e1250235b>@@AAV<lambda_1f3ce6bd48e0aa2e72a71c02eee379d3>@@V<lambda_56cae30c9364c9b6c15aeaac05d0418e>@@@?$__crt_seh_guarded_call@H@@QAEH$$QAV<lambda_93797fb4802c957ba6a7f08e1250235b>@@AAV<lambda_1f3ce6bd48e0aa2e72a71c02eee379d3>@@$$QAV<lambda_56cae30c9364c9b6c15aeaac05d0418e>@@@Z 004e15d8     libucrtd:winapi_thunks.obj
 0002:000265f8       __sehtable$__fcloseall     004e15f8     libucrtd:closeall.obj
 0002:00026618       __sehtable$___acrt_initialize_lowio 004e1618     libucrtd:ioinit.obj
 0002:00026638       __sehtable$??$?RV<lambda_e683defbe2e5a27c42b5544acbb13393>@@AAV<lambda_4e7105787b7b0e0227fbf2b2d883fa65>@@V<lambda_80a887151cae997482d53eaa74bb832b>@@@?$__crt_seh_guarded_call@H@@QAEH$$QAV<lambda_e683defbe2e5a27c42b5544acbb13393>@@AAV<lambda_4e7105787b7b0e0227fbf2b2d883fa65>@@$$QAV<lambda_80a887151cae997482d53eaa74bb832b>@@@Z 004e1638     libucrtd:close.obj
 0002:00026658       __sehtable$?__acrt_stdio_allocate_stream@@YA?AV__crt_stdio_stream@@XZ 004e1658     libucrtd:stream.obj
 0002:00026678       __sehtable$__read          004e1678     libucrtd:read.obj
 0002:00026698       __sehtable$??$common_lseek@J@@YAJHJH@Z 004e1698     libucrtd:lseek.obj
 0002:000266b8       __sehtable$??$common_lseek@_J@@YA_JH_JH@Z 004e16b8     libucrtd:lseek.obj
 0002:000266d8       __sehtable$??$?RV<lambda_15ade71b0218206bbe3333a0c9b79046>@@AAV<lambda_da44e0f8b0f19ba52fefafb335991732>@@V<lambda_207f2d024fc103971653565357d6cd41>@@@?$__crt_seh_guarded_call@X@@QAEX$$QAV<lambda_15ade71b0218206bbe3333a0c9b79046>@@AAV<lambda_da44e0f8b0f19ba52fefafb335991732>@@$$QAV<lambda_207f2d024fc103971653565357d6cd41>@@@Z 004e16d8     libucrtd:per_thread_data.obj
 0002:000266f8       __sehtable$??$?RV<lambda_a7e850c220f1c8d1e6efeecdedd162c6>@@AAV<lambda_46720907175c18b6c9d2717bc0d2d362>@@V<lambda_9048902d66e8d99359bc9897bbb930a8>@@@?$__crt_seh_guarded_call@X@@QAEX$$QAV<lambda_a7e850c220f1c8d1e6efeecdedd162c6>@@AAV<lambda_46720907175c18b6c9d2717bc0d2d362>@@$$QAV<lambda_9048902d66e8d99359bc9897bbb930a8>@@@Z 004e16f8     libucrtd:per_thread_data.obj
 0002:00026718       __sehtable$??$?RV<lambda_eb0e2b1d104b126d27395a74edba6f03>@@AAV<lambda_d51eb34c9f7d53dbc39f6b791b6a3e42>@@V<lambda_f7564ebddb1f0eaf818ab6f3eade8363>@@@?$__crt_seh_guarded_call@X@@QAEX$$QAV<lambda_eb0e2b1d104b126d27395a74edba6f03>@@AAV<lambda_d51eb34c9f7d53dbc39f6b791b6a3e42>@@$$QAV<lambda_f7564ebddb1f0eaf818ab6f3eade8363>@@@Z 004e1718     libucrtd:per_thread_data.obj
 0002:00026738       __sehtable$??$?RV<lambda_6affb1475c98b40b75cdec977db92e3c>@@AAV<lambda_b8d4b9c228a6ecc3f80208dbb4b4a104>@@V<lambda_608742c3c92a14382c1684fc64f96c88>@@@?$__crt_seh_guarded_call@X@@QAEX$$QAV<lambda_6affb1475c98b40b75cdec977db92e3c>@@AAV<lambda_b8d4b9c228a6ecc3f80208dbb4b4a104>@@$$QAV<lambda_608742c3c92a14382c1684fc64f96c88>@@@Z 004e1738     libucrtd:per_thread_data.obj
 0002:00026758       __unwindtable$?fp_format_a@@YAHQBNPADIQADIH_NIQAU__crt_locale_pointers@@@Z 004e1758     libucrtd:cvt.obj
 0002:00026760       __ehfuncinfo$?fp_format_a@@YAHQBNPADIQADIH_NIQAU__crt_locale_pointers@@@Z 004e1760     libucrtd:cvt.obj
 0002:00026788       __sehtable$_fputwc         004e1788     libucrtd:fputwc.obj
 0002:000267a8       __sehtable$??$?RV<lambda_73934b50d04267ee15484ada9e51f93a>@@AAV<lambda_5533cddd4bda0037814beee657757329>@@V<lambda_505f522a38cc75b1e009910344c75d09>@@@?$__crt_seh_guarded_call@H@@QAEH$$QAV<lambda_73934b50d04267ee15484ada9e51f93a>@@AAV<lambda_5533cddd4bda0037814beee657757329>@@$$QAV<lambda_505f522a38cc75b1e009910344c75d09>@@@Z 004e17a8     libucrtd:commit.obj
 0002:000267c8       __sehtable$__write         004e17c8     libucrtd:write.obj
 0002:000267e8       __sehtable$___set_fpsr_sse2 004e17e8     libucrtd:fpctrl.obj
 0002:00026808       __ehfuncinfo$??1?$__crt_win32_buffer@DU__crt_win32_buffer_internal_dynamic_resizing@@@@QAE@XZ 004e1808     libucrtd:argv_wildcards.obj
 0002:00026830       __ehfuncinfo$??1?$__crt_win32_buffer@DU__crt_win32_buffer_no_resizing@@@@QAE@XZ 004e1830     libucrtd:getmodulefilenamea.obj
 0002:00026858       __sehtable$?update_thread_multibyte_data_internal@@YAPAU__crt_multibyte_data@@QAU__acrt_ptd@@QAPAU1@@Z 004e1858     libucrtd:mbctype.obj
 0002:00026878       __sehtable$??$?RV<lambda_b5fb591949065c3fa449bad279e8c939>@@AAV<lambda_6c10a39a819b864ce80acc26b314dcd3>@@V<lambda_e567670a9eae49807d365f3e9c117712>@@@?$__crt_seh_guarded_call@X@@QAEX$$QAV<lambda_b5fb591949065c3fa449bad279e8c939>@@AAV<lambda_6c10a39a819b864ce80acc26b314dcd3>@@$$QAV<lambda_e567670a9eae49807d365f3e9c117712>@@@Z 004e1878     libucrtd:mbctype.obj
 0002:00026898       __sehtable$__open_osfhandle 004e1898     libucrtd:osfinfo.obj
 0002:000268b8       __sehtable$__alloc_osfhnd  004e18b8     libucrtd:osfinfo.obj
 0002:000268d8       __sehtable$___acrt_lowio_ensure_fh_exists 004e18d8     libucrtd:osfinfo.obj
 0002:000268f8       __sehtable$___acrt_update_thread_locale_data 004e18f8     libucrtd:locale_refcounting.obj
 0002:00026918       __sehtable$__query_new_handler 004e1918     libucrtd:new_handler.obj
 0002:00026938       __sehtable$__set_new_handler 004e1938     libucrtd:new_handler.obj
 0002:00026958       __sehtable$_signal         004e1958     libucrtd:signal.obj
 0002:00026978       __sehtable$_raise          004e1978     libucrtd:signal.obj
 0002:00026998       __sehtable$?ctrlevent_capture@@YGHK@Z 004e1998     libucrtd:signal.obj
 0002:000269b8       __sehtable$??$?RV<lambda_cbab9ec6f41b0180b23cc171c22676b0>@@AAV<lambda_44731a7d0e6d81c3e6aa82d741081786>@@V<lambda_4b292cb8dd18144e164572427af410ab>@@@?$__crt_seh_guarded_call@P6AXH@Z@@QAEP6AXH@Z$$QAV<lambda_cbab9ec6f41b0180b23cc171c22676b0>@@AAV<lambda_44731a7d0e6d81c3e6aa82d741081786>@@$$QAV<lambda_4b292cb8dd18144e164572427af410ab>@@@Z 004e19b8     libucrtd:signal.obj
 0002:000269d8       __sehtable$__VCrtDbgReportA 004e19d8     libucrtd:dbgrptt.obj
 0002:00026a08       __sehtable$__VCrtDbgReportW 004e1a08     libucrtd:dbgrptt.obj
 0002:00026a38       __sehtable$??$common_open@D@@YAHQBDHH@Z 004e1a38     libucrtd:open.obj
 0002:00026a58       __sehtable$??$common_open@_W@@YAHQB_WHH@Z 004e1a58     libucrtd:open.obj
 0002:00026a78       __sehtable$??$common_sopen_dispatch@D@@YAHQBDHHHQAHH@Z 004e1a78     libucrtd:open.obj
 0002:00026a98       __sehtable$??$common_sopen_dispatch@_W@@YAHQB_WHHHQAHH@Z 004e1a98     libucrtd:open.obj
 0002:00026ab8       __sehtable$??$?RV<lambda_f828341fbe69b7c0d4c527b01f22877f>@@AAV<lambda_9e0b6ab72a5b3ae37ad997d08b519f50>@@V<lambda_f01deac0a8d65d6e0411edf7e0af5775>@@@?$__crt_seh_guarded_call@G@@QAEG$$QAV<lambda_f828341fbe69b7c0d4c527b01f22877f>@@AAV<lambda_9e0b6ab72a5b3ae37ad997d08b519f50>@@$$QAV<lambda_f01deac0a8d65d6e0411edf7e0af5775>@@@Z 004e1ab8     libucrtd:putwch.obj
 0002:00026ad8       __sehtable$__tzset         004e1ad8     libucrtd:tzset.obj
 0002:00026af8       __sehtable$__isindst       004e1af8     libucrtd:tzset.obj
 0002:00026b18       __sehtable$___tzset        004e1b18     libucrtd:tzset.obj
 0002:00026b38       __unwindtable$?shortsort@@YAXPAD0IP6AHPBX1@Z@Z 004e1b38     libucrtd:qsort.obj
 0002:00026b40       __ehfuncinfo$?shortsort@@YAXPAD0IP6AHPBX1@Z@Z 004e1b40     libucrtd:qsort.obj
 0002:00026b68       __unwindtable$?_wcstombs_l_helper@@YAIPADPB_WIPAU__crt_locale_pointers@@@Z 004e1b68     libucrtd:wcstombs.obj
 0002:00026b70       __ehfuncinfo$?_wcstombs_l_helper@@YAIPADPB_WIPAU__crt_locale_pointers@@@Z 004e1b70     libucrtd:wcstombs.obj
 0002:00026b98       __sehtable$??$?RV<lambda_ac3d7779b8d7d49a5360228aa6468071>@@AAV<lambda_b1e214002d83f0fa273391baf2030f5b>@@V<lambda_9097b8fcd9dc7a902bc698871afe1982>@@@?$__crt_seh_guarded_call@H@@QAEH$$QAV<lambda_ac3d7779b8d7d49a5360228aa6468071>@@AAV<lambda_b1e214002d83f0fa273391baf2030f5b>@@$$QAV<lambda_9097b8fcd9dc7a902bc698871afe1982>@@@Z 004e1b98     libucrtd:chsize.obj
 0002:00026bb8       __sehtable$??$common_getenv@D@@YAPADQBD@Z 004e1bb8     libucrtd:getenv.obj
 0002:00026bd8       __sehtable$??$common_getenv@_W@@YAPA_WQB_W@Z 004e1bd8     libucrtd:getenv.obj
 0002:00026bf8       __sehtable$??$common_getenv_s@D@@YAHQAIQADIQBD@Z 004e1bf8     libucrtd:getenv.obj
 0002:00026c18       __sehtable$??$common_getenv_s@_W@@YAHQAIQA_WIQB_W@Z 004e1c18     libucrtd:getenv.obj
 0002:00026c38       __sehtable$??$common_dupenv_s@D@@YAHQAPADQAIQBDH2H@Z 004e1c38     libucrtd:getenv.obj
 0002:00026c58       __sehtable$??$common_dupenv_s@_W@@YAHQAPA_WQAIQB_WHQBDH@Z 004e1c58     libucrtd:getenv.obj
 0002:00026c78       __unwindtable$?_wcrtomb_s_l@@YAHQAHQADI_WQAU_Mbstatet@@QAU__crt_locale_pointers@@@Z 004e1c78     libucrtd:wcrtomb.obj
 0002:00026c80       __ehfuncinfo$?_wcrtomb_s_l@@YAHQAHQADI_WQAU_Mbstatet@@QAU__crt_locale_pointers@@@Z 004e1c80     libucrtd:wcrtomb.obj
 0002:00026ca8       __sehtable$__IsNonwritableInCurrentImage 004e1ca8     LIBCMTD:pesect.obj
 0003:00000000       _func_filename             004e2000     extractfuncs.obj
 0003:00000004       _func_filedesc             004e2004     extractfuncs.obj
 0003:000004b0       ?__vcrt_flsindex@@3KA      004e24b0     libvcruntimed:per_thread_data.obj
 0003:000005b0       __ctype_loc_style          004e25b0     libucrtd:wsetlocale.obj
 0003:000005b4       ?__acrt_current_request_number@@3JA 004e25b4     libucrtd:debug_heap.obj
 0003:000005c4       ?errno_no_memory@@3HA      004e25c4     libucrtd:errno.obj
 0003:000005c8       ?doserrno_no_memory@@3KA   004e25c8     libucrtd:errno.obj
 0003:0000074c       ?__acrt_flsindex@@3KA      004e274c     libucrtd:per_thread_data.obj
 0003:00000844       ?__acrt_debug_fill_threshold@@3IA 004e2844     libucrtd:debug_fill_threshold.obj
 0003:00000848       ?__DAZ_ENABLED@?1??__set_fpsr_sse2@@9@9 004e2848     libucrtd:fpctrl.obj
 0003:00000850       __mbctypes                 004e2850     libucrtd:mbctype.obj
 0003:00000988       __mbcasemaps               004e2988     libucrtd:mbctype.obj
 0003:00000abc       ?__rgctypeflag@@3PADA      004e2abc     libucrtd:mbctype.obj
 0003:00000ac0       ?__rgcode_page_info@@3PAUcode_page_info@@A 004e2ac0     libucrtd:mbctype.obj
 0003:00000f10       ?tzstd_program@@3PADA      004e2f10     libucrtd:timeset.obj
 0003:00000f60       ?tzdst_program@@3PADA      004e2f60     libucrtd:timeset.obj
 0003:00000fac       ?tzname_states@@3PAY01PADA 004e2fac     libucrtd:timeset.obj
 0003:00000fb8       ?dststart@@3Utransitiondate@?A0x7639d0b4@@A 004e2fb8     libucrtd:tzset.obj
 0003:00000fc8       ?dstend@@3Utransitiondate@?A0x7639d0b4@@A 004e2fc8     libucrtd:tzset.obj
 0003:00000fe0       ?__dcrt_lowio_console_output_handle@@3PAXA 004e2fe0     libucrtd:initcon.obj
 0003:00001390       _GS_ExceptionRecord        004e3390     LIBCMTD:gs_report.obj
 0003:000013e0       _GS_ContextRecord          004e33e0     LIBCMTD:gs_report.obj
 0003:00001754       ?is_initialized_as_dll@@3_NA 004e3754     LIBCMTD:utility.obj
 0003:00001755       ?module_local_atexit_table_initialized@@3_NA 004e3755     LIBCMTD:utility.obj
 0003:00001758       ?module_local_atexit_table@@3U_onexit_table_t@@A 004e3758     LIBCMTD:utility.obj
 0003:00001764       ?module_local_at_quick_exit_table@@3U_onexit_table_t@@A 004e3764     LIBCMTD:utility.obj
 0003:000017b4       ?__vcrt_startup_thread_ptd@@3U__vcrt_ptd@@A 004e37b4     libvcruntimed:per_thread_data.obj
 0003:000017e4       ___vcrt_lock_table         004e37e4     libvcruntimed:locks.obj
 0003:000017fc       ___vcrt_locks_initialized  004e37fc     libvcruntimed:locks.obj
 0003:00001808       ?module_handles@@3PAPAUHINSTANCE__@@A 004e3808     libvcruntimed:winapi_downlevel.obj
 0003:00001814       ?encoded_function_pointers@@3PAPAXA 004e3814     libvcruntimed:winapi_downlevel.obj
 0003:0000185c       ?heap@@3V_HeapManager@@A   004e385c     libvcruntimed:undname.obj
 0003:00001880       ?buf@?1??dbGetString@DName@@QBEPADXZ@4PADA 004e3880     libvcruntimed:undname.obj
 0003:000018f4       ?c_termination_complete@@3JA 004e38f4     libucrtd:exit.obj
 0003:000018f8       ?thread_local_exit_callback_func@@3P6GXPAXK0@ZA 004e38f8     libucrtd:exit.obj
 0003:00001900       ?__acrt_app_type@@3W4_crt_app_type@@A 004e3900     libucrtd:report_runtime_error.obj
 0003:00001908       ?outmsg@?9??__acrt_report_runtime_error@@9@4PA_WA 004e3908     libucrtd:report_runtime_error.obj
 0003:0000206c       ?user_matherr@@3V?$dual_state_global@P6AHPAU_exception@@@Z@__crt_state_management@@A 004e406c     libucrtd:matherr.obj
 0003:00002070       ?program_name@?1???$common_configure_argv@D@@YAHW4_crt_argv_mode@@@Z@4PADA 004e4070     libucrtd:argv_parsing.obj
 0003:000021b0       ?program_name@?1???$common_configure_argv@_W@@YAHW4_crt_argv_mode@@@Z@4PA_WA 004e41b0     libucrtd:argv_parsing.obj
 0003:00002458       ?__acrt_global_new_mode@@3V?$dual_state_global@J@__crt_state_management@@A 004e4458     libucrtd:new_mode.obj
 0003:00002480       ?__acrt_first_block@@3PAU_CrtMemBlockHeader@@A 004e4480     libucrtd:debug_heap.obj
 0003:00002484       ?__acrt_last_block@@3PAU_CrtMemBlockHeader@@A 004e4484     libucrtd:debug_heap.obj
 0003:00002488       ?__acrt_total_allocations@@3IA 004e4488     libucrtd:debug_heap.obj
 0003:0000248c       ?__acrt_current_allocations@@3IA 004e448c     libucrtd:debug_heap.obj
 0003:00002490       ?__acrt_max_allocations@@3IA 004e4490     libucrtd:debug_heap.obj
 0003:00002494       ?__acrt_check_frequency@@3IA 004e4494     libucrtd:debug_heap.obj
 0003:00002498       ?__acrt_check_counter@@3IA 004e4498     libucrtd:debug_heap.obj
 0003:000024a0       ?heap_validation_pending@@3_NA 004e44a0     libucrtd:debug_heap.obj
 0003:000024a4       ?__acrt_invalid_parameter_handler@@3V?$dual_state_global@P6AXPB_W00II@Z@__crt_state_management@@A 004e44a4     libucrtd:invalid_parameter.obj
 0003:000024a8       ?module_handles@@3PAPAUHINSTANCE__@@A 004e44a8     libucrtd:winapi_thunks.obj
 0003:000024f8       ?encoded_function_pointers@@3PAPAXA 004e44f8     libucrtd:winapi_thunks.obj
 0003:000025ac       ?static_enum_proc@?1??enum_system_locales_ex_nolock@@YAHQ6GHPA_WKJ@Z@Z@4P6GH0KJ@ZA 004e45ac     libucrtd:winapi_thunks.obj
 0003:00002820       ?internal_state@?1??_mbtowc_l@@9@4U_Mbstatet@@A 004e4820     libucrtd:mbtowc.obj
 0003:0000282c       ?enable_percent_n@@3IA     004e482c     libucrtd:printf_count_output.obj
 0003:00002838       ?__acrt_lock_table@@3PAU_RTL_CRITICAL_SECTION@@A 004e4838     libucrtd:locks.obj
 0003:00002988       ?__acrt_locks_initialized@@3IA 004e4988     libucrtd:locks.obj
 0003:000029d0       ?state_cache@?1???$get_cached_win_policy@Ubegin_thread_init_policy_properties@?1??__acrt_get_begin_thread_init_policy@@YA?AW4begin_thread_init_policy@@XZ@@@YA?AW4begin_thread_init_policy@@W4AppPolicyThreadInitializationType@@@Z@4JA 004e49d0     libucrtd:win_policies.obj
 0003:000029d4       ?state_cache@?1???$get_cached_win_policy@Udeveloper_information_policy_properties@?1??__acrt_get_developer_information_policy@@YA?AW4developer_information_policy@@XZ@@@YA?AW4developer_information_policy@@W4AppPolicyShowDeveloperDiagnostic@@@Z@4JA 004e49d4     libucrtd:win_policies.obj
 0003:000029d8       ?state_cache@?1???$get_cached_win_policy@Uwindowing_model_policy_properties@?1??__acrt_get_windowing_model_policy@@YA?AW4windowing_model_policy@@XZ@@@YA?AW4windowing_model_policy@@W4AppPolicyWindowingModel@@@Z@4JA 004e49d8     libucrtd:win_policies.obj
 0003:000029dc       ?static_buffer@?1???$common_asctime@D@@YAPADQBUtm@@@Z@4PADA 004e49dc     libucrtd:asctime.obj
 0003:000029fc       ?static_buffer@?1???$common_asctime@_W@@YAPA_WQBUtm@@@Z@4PA_WA 004e49fc     libucrtd:asctime.obj
 0003:00002a3c       ___acrt_error_mode         004e4a3c     libucrtd:set_error_mode.obj
 0003:00002a4c       ?fSystemSet@@3HA           004e4a4c     libucrtd:mbctype.obj
 0003:00002a53       ?initialized@?1??__acrt_initialize_multibyte@@9@4_NA 004e4a53     libucrtd:mbctype.obj
 0003:00002a64       ?__acrt_new_handler@@3V?$dual_state_global@P6AHI@Z@__crt_state_management@@A 004e4a64     libucrtd:new_handler.obj
 0003:00002a68       ?console_ctrl_handler_installed@@3_NA 004e4a68     libucrtd:signal.obj
 0003:00002a6c       ?ctrlc_action@@3V?$dual_state_global@P6AXH@Z@__crt_state_management@@A 004e4a6c     libucrtd:signal.obj
 0003:00002a70       ?ctrlbreak_action@@3V?$dual_state_global@P6AXH@Z@__crt_state_management@@A 004e4a70     libucrtd:signal.obj
 0003:00002a74       ?abort_action@@3V?$dual_state_global@P6AXH@Z@__crt_state_management@@A 004e4a74     libucrtd:signal.obj
 0003:00002a78       ?term_action@@3V?$dual_state_global@P6AXH@Z@__crt_state_management@@A 004e4a78     libucrtd:signal.obj
 0003:00002a90       ?mbst@?1??mbrlen@@9@4U_Mbstatet@@A 004e4a90     libucrtd:mbrtowc.obj
 0003:00002a9c       ?mbst@?1??mbrtowc@@9@4U_Mbstatet@@A 004e4a9c     libucrtd:mbrtowc.obj
 0003:00002aa8       ?mbst@?1??_mbsrtowcs_helper@@YAIPA_WPAPBDIPAU_Mbstatet@@@Z@4U2@A 004e4aa8     libucrtd:mbrtowc.obj
 0003:00002ac0       ?_tzname@@3V?$dual_state_global@PAPAD@__crt_state_management@@A 004e4ac0     libucrtd:timeset.obj
 0003:00002ac8       ?last_tz@@3PADA            004e4ac8     libucrtd:tzset.obj
 0003:00002ad0       ?tz_api_used@@3HA          004e4ad0     libucrtd:tzset.obj
 0003:00002ad8       ?tz_info@@3U_TIME_ZONE_INFORMATION@@A 004e4ad8     libucrtd:tzset.obj
 0003:00002ba8       ?first_time@?1??__tzset@@9@4JA 004e4ba8     libucrtd:tzset.obj
 0003:00002bb0       ?internal_pst@?1??__mbrtoc32_utf8@__crt_mbstring@@YAIPA_UPBDIPAU_Mbstatet@@@Z@4U3@A 004e4bb0     libucrtd:mbrtoc32.obj
 0003:00002bbc       ?local_state@?6??_wcrtomb_s_l@@YAHQAHQADI_WQAU_Mbstatet@@QAU__crt_locale_pointers@@@Z@4U2@A 004e4bbc     libucrtd:wcrtomb.obj
 0003:00002bc8       __pmatherr_set             004e4bc8     libucrtd:libm_error.obj
 0003:00002bcc       ?internal_pst@?1??__c16rtomb_utf8@__crt_mbstring@@YAIPAD_SPAU_Mbstatet@@@Z@4U3@A 004e4bcc     libucrtd:c16rtomb.obj
 0004:000003f2       .idata$6                   004fa3f2     kernel32:KERNEL32.dll
 0006:00000170       $R000000                   004fc170     * linker generated manifest res *
